Component: ARM Compiler 5.06 update 7 (build 960) Tool: armlink [4d3601]

==============================================================================

Section Cross References

    startup_stm32f051x8.o(RESET) refers to startup_stm32f051x8.o(STACK) for __initial_sp
    startup_stm32f051x8.o(RESET) refers to startup_stm32f051x8.o(.text) for Reset_Handler
    startup_stm32f051x8.o(RESET) refers to stm32f0xx_it.o(i.NMI_Handler) for NMI_Handler
    startup_stm32f051x8.o(RESET) refers to stm32f0xx_it.o(i.HardFault_Handler) for HardFault_Handler
    startup_stm32f051x8.o(RESET) refers to stm32f0xx_it.o(i.SVC_Handler) for SVC_Handler
    startup_stm32f051x8.o(RESET) refers to stm32f0xx_it.o(i.PendSV_Handler) for PendSV_Handler
    startup_stm32f051x8.o(RESET) refers to stm32f0xx_it.o(i.SysTick_Handler) for SysTick_Handler
    startup_stm32f051x8.o(.text) refers to system_stm32f0xx.o(i.SystemInit) for SystemInit
    startup_stm32f051x8.o(.text) refers to entry.o(.ARM.Collect$$$$00000000) for __main
    connectivity.o(i.ReceiveData) refers to nrf24.o(i.nRF24_GetStatus_RXFIFO) for nRF24_GetStatus_RXFIFO
    connectivity.o(i.ReceiveData) refers to nrf24.o(i.nRF24_ReadPayload) for nRF24_ReadPayload
    connectivity.o(i.ReceiveData) refers to nrf24.o(i.nRF24_ClearIRQFlags) for nRF24_ClearIRQFlags
    connectivity.o(i.ReceiveData) refers to stm32f0xx_hal.o(i.HAL_Delay) for HAL_Delay
    connectivity.o(i.ReceiveData) refers to connectivity.o(.data) for payload_length
    connectivity.o(i.ReceiveData) refers to connectivity.o(.bss) for nRF24_payload
    connectivity.o(i.SendData) refers to connectivity.o(i.nRF24_TransmitPacket) for nRF24_TransmitPacket
    connectivity.o(i.SendData) refers to connectivity.o(.data) for i
    connectivity.o(i.SendData) refers to connectivity.o(.bss) for nRF24_payload
    connectivity.o(i.SetAsReceiver) refers to main.o(i.nRF24_CE_L) for nRF24_CE_L
    connectivity.o(i.SetAsReceiver) refers to stm32f0xx_hal.o(i.HAL_Delay) for HAL_Delay
    connectivity.o(i.SetAsReceiver) refers to nrf24.o(i.nRF24_Check) for nRF24_Check
    connectivity.o(i.SetAsReceiver) refers to main.o(i.Error_Handler) for Error_Handler
    connectivity.o(i.SetAsReceiver) refers to nrf24.o(i.nRF24_Init) for nRF24_Init
    connectivity.o(i.SetAsReceiver) refers to nrf24.o(i.nRF24_DisableAA) for nRF24_DisableAA
    connectivity.o(i.SetAsReceiver) refers to nrf24.o(i.nRF24_SetRFChannel) for nRF24_SetRFChannel
    connectivity.o(i.SetAsReceiver) refers to nrf24.o(i.nRF24_SetDataRate) for nRF24_SetDataRate
    connectivity.o(i.SetAsReceiver) refers to nrf24.o(i.nRF24_SetCRCScheme) for nRF24_SetCRCScheme
    connectivity.o(i.SetAsReceiver) refers to nrf24.o(i.nRF24_SetAddrWidth) for nRF24_SetAddrWidth
    connectivity.o(i.SetAsReceiver) refers to nrf24.o(i.nRF24_SetAddr) for nRF24_SetAddr
    connectivity.o(i.SetAsReceiver) refers to nrf24.o(i.nRF24_SetRXPipe) for nRF24_SetRXPipe
    connectivity.o(i.SetAsReceiver) refers to nrf24.o(i.nRF24_SetOperationalMode) for nRF24_SetOperationalMode
    connectivity.o(i.SetAsReceiver) refers to nrf24.o(i.nRF24_SetPowerMode) for nRF24_SetPowerMode
    connectivity.o(i.SetAsReceiver) refers to main.o(i.nRF24_CE_H) for nRF24_CE_H
    connectivity.o(i.SetAsReceiver) refers to connectivity.o(.constdata) for nRF24_ADDR
    connectivity.o(i.SetAsTransmitter) refers to main.o(i.nRF24_CE_L) for nRF24_CE_L
    connectivity.o(i.SetAsTransmitter) refers to stm32f0xx_hal.o(i.HAL_Delay) for HAL_Delay
    connectivity.o(i.SetAsTransmitter) refers to nrf24.o(i.nRF24_Check) for nRF24_Check
    connectivity.o(i.SetAsTransmitter) refers to main.o(i.Error_Handler) for Error_Handler
    connectivity.o(i.SetAsTransmitter) refers to nrf24.o(i.nRF24_Init) for nRF24_Init
    connectivity.o(i.SetAsTransmitter) refers to nrf24.o(i.nRF24_DisableAA) for nRF24_DisableAA
    connectivity.o(i.SetAsTransmitter) refers to nrf24.o(i.nRF24_SetRFChannel) for nRF24_SetRFChannel
    connectivity.o(i.SetAsTransmitter) refers to nrf24.o(i.nRF24_SetDataRate) for nRF24_SetDataRate
    connectivity.o(i.SetAsTransmitter) refers to nrf24.o(i.nRF24_SetCRCScheme) for nRF24_SetCRCScheme
    connectivity.o(i.SetAsTransmitter) refers to nrf24.o(i.nRF24_SetAddrWidth) for nRF24_SetAddrWidth
    connectivity.o(i.SetAsTransmitter) refers to nrf24.o(i.nRF24_SetAddr) for nRF24_SetAddr
    connectivity.o(i.SetAsTransmitter) refers to nrf24.o(i.nRF24_SetTXPower) for nRF24_SetTXPower
    connectivity.o(i.SetAsTransmitter) refers to nrf24.o(i.nRF24_SetOperationalMode) for nRF24_SetOperationalMode
    connectivity.o(i.SetAsTransmitter) refers to nrf24.o(i.nRF24_ClearIRQFlags) for nRF24_ClearIRQFlags
    connectivity.o(i.SetAsTransmitter) refers to nrf24.o(i.nRF24_SetPowerMode) for nRF24_SetPowerMode
    connectivity.o(i.SetAsTransmitter) refers to connectivity.o(.constdata) for nRF24_ADDR
    connectivity.o(i.nRF24_TransmitPacket) refers to main.o(i.nRF24_CE_L) for nRF24_CE_L
[...]
    Removing map.o(.rev16_text), (4 bytes).
    Removing map.o(.revsh_text), (4 bytes).
    Removing map.o(.constdata), (14 bytes).
    Removing nrf24.o(.rev16_text), (4 bytes).
    Removing nrf24.o(.revsh_text), (4 bytes).
    Removing nrf24.o(i.nRF24_ActivateFeatures), (24 bytes).
    Removing nrf24.o(i.nRF24_ClosePipe), (36 bytes).
    Removing nrf24.o(i.nRF24_EnableAA), (30 bytes).
    Removing nrf24.o(i.nRF24_GetFeatures), (10 bytes).
    Removing nrf24.o(i.nRF24_GetIRQFlags), (14 bytes).
    Removing nrf24.o(i.nRF24_GetRXSource), (16 bytes).
    Removing nrf24.o(i.nRF24_GetRetransmitCounters), (10 bytes).
    Removing nrf24.o(i.nRF24_GetStatus_TXFIFO), (16 bytes).
    Removing nrf24.o(i.nRF24_ReadPayloadDpl), (18 bytes).
    Removing nrf24.o(i.nRF24_ResetPLOS), (20 bytes).
    Removing nrf24.o(i.nRF24_SetAutoRetr), (24 bytes).
    Removing nrf24.o(i.nRF24_SetDynamicPayloadLength), (62 bytes).
    Removing nrf24.o(i.nRF24_SetPayloadWithAck), (46 bytes).
    Removing nrf24.o(i.nRF24_WriteAckPayload), (48 bytes).
    Removing stm32f0xx_it.o(.rev16_text), (4 bytes).
    Removing stm32f0xx_it.o(.revsh_text), (4 bytes).
    Removing stm32f0xx_it.o(.constdata), (13 bytes).
    Removing stm32f0xx_hal_msp.o(.rev16_text), (4 bytes).
    Removing stm32f0xx_hal_msp.o(.revsh_text), (4 bytes).
    Removing stm32f0xx_hal_msp.o(i.HAL_I2C_MspDeInit), (56 bytes).
    Removing stm32f0xx_hal_msp.o(i.HAL_SPI_MspDeInit), (44 bytes).
    Removing stm32f0xx_hal_msp.o(.constdata), (13 bytes).
    Removing stm32f0xx_hal_i2c.o(.rev16_text), (4 bytes).
    Removing stm32f0xx_hal_i2c.o(.revsh_text), (4 bytes).
    Removing stm32f0xx_hal_i2c.o(i.HAL_I2C_AbortCpltCallback), (2 bytes).
    Removing stm32f0xx_hal_i2c.o(i.HAL_I2C_AddrCallback), (2 bytes).
    Removing stm32f0xx_hal_i2c.o(i.HAL_I2C_DeInit), (66 bytes).
    Removing stm32f0xx_hal_i2c.o(i.HAL_I2C_DisableListen_IT), (62 bytes).
    Removing stm32f0xx_hal_i2c.o(i.HAL_I2C_ER_IRQHandler), (140 bytes).
    Removing stm32f0xx_hal_i2c.o(i.HAL_I2C_EV_IRQHandler), (30 bytes).
    Removing stm32f0xx_hal_i2c.o(i.HAL_I2C_EnableListen_IT), (44 bytes).
    Removing stm32f0xx_hal_i2c.o(i.HAL_I2C_ErrorCallback), (2 bytes).
    Removing stm32f0xx_hal_i2c.o(i.HAL_I2C_GetError), (6 bytes).
    Removing stm32f0xx_hal_i2c.o(i.HAL_I2C_GetMode), (8 bytes).
    Removing stm32f0xx_hal_i2c.o(i.HAL_I2C_GetState), (8 bytes).
    Removing stm32f0xx_hal_i2c.o(i.HAL_I2C_IsDeviceReady), (434 bytes).
    Removing stm32f0xx_hal_i2c.o(i.HAL_I2C_ListenCpltCallback), (2 bytes).
    Removing stm32f0xx_hal_i2c.o(i.HAL_I2C_MasterRxCpltCallback), (2 bytes).
    Removing stm32f0xx_hal_i2c.o(i.HAL_I2C_MasterTxCpltCallback), (2 bytes).
    Removing stm32f0xx_hal_i2c.o(i.HAL_I2C_Master_Abort_IT), (128 bytes).
    Removing stm32f0xx_hal_i2c.o(i.HAL_I2C_Master_Receive), (364 bytes).
    Removing stm32f0xx_hal_i2c.o(i.HAL_I2C_Master_Receive_DMA), (376 bytes).
    Removing stm32f0xx_hal_i2c.o(i.HAL_I2C_Master_Receive_IT), (168 bytes).
    Removing stm32f0xx_hal_i2c.o(i.HAL_I2C_Master_Seq_Receive_DMA), (404 bytes).
    Removing stm32f0xx_hal_i2c.o(i.HAL_I2C_Master_Seq_Receive_IT), (192 bytes).
    Removing stm32f0xx_hal_i2c.o(i.HAL_I2C_Master_Seq_Transmit_DMA), (404 bytes).
    Removing stm32f0xx_hal_i2c.o(i.HAL_I2C_Master_Seq_Transmit_IT), (192 bytes).
    Removing stm32f0xx_hal_i2c.o(i.HAL_I2C_Master_Transmit_DMA), (376 bytes).
    Removing stm32f0xx_hal_i2c.o(i.HAL_I2C_Master_Transmit_IT), (168 bytes).
    Removing stm32f0xx_hal_i2c.o(i.HAL_I2C_MemRxCpltCallback), (2 bytes).
    Removing stm32f0xx_hal_i2c.o(i.HAL_I2C_MemTxCpltCallback), (2 bytes).
    Removing stm32f0xx_hal_i2c.o(i.HAL_I2C_Mem_Read), (428 bytes).
    Removing stm32f0xx_hal_i2c.o(i.HAL_I2C_Mem_Read_DMA), (388 bytes).
    Removing stm32f0xx_hal_i2c.o(i.HAL_I2C_Mem_Read_IT), (228 bytes).
    Removing stm32f0xx_hal_i2c.o(i.HAL_I2C_Mem_Write), (420 bytes).
    Removing stm32f0xx_hal_i2c.o(i.HAL_I2C_Mem_Write_DMA), (380 bytes).
    Removing stm32f0xx_hal_i2c.o(i.HAL_I2C_Mem_Write_IT), (224 bytes).
    Removing stm32f0xx_hal_i2c.o(i.HAL_I2C_MspDeInit), (2 bytes).
    Removing stm32f0xx_hal_i2c.o(i.HAL_I2C_MspInit), (2 bytes).
    Removing stm32f0xx_hal_i2c.o(i.HAL_I2C_SlaveRxCpltCallback), (2 bytes).
    Removing stm32f0xx_hal_i2c.o(i.HAL_I2C_SlaveTxCpltCallback), (2 bytes).
    Removing stm32f0xx_hal_i2c.o(i.HAL_I2C_Slave_Receive), (390 bytes).
    Removing stm32f0xx_hal_i2c.o(i.HAL_I2C_Slave_Receive_DMA), (284 bytes).
    Removing stm32f0xx_hal_i2c.o(i.HAL_I2C_Slave_Receive_IT), (120 bytes).
    Removing stm32f0xx_hal_i2c.o(i.HAL_I2C_Slave_Seq_Receive_DMA), (468 bytes).
    Removing stm32f0xx_hal_i2c.o(i.HAL_I2C_Slave_Seq_Receive_IT), (240 bytes).
    Removing stm32f0xx_hal_i2c.o(i.HAL_I2C_Slave_Seq_Transmit_DMA), (468 bytes).
    Removing stm32f0xx_hal_i2c.o(i.HAL_I2C_Slave_Seq_Transmit_IT), (240 bytes).
    Removing stm32f0xx_hal_i2c.o(i.HAL_I2C_Slave_Transmit), (418 bytes).
    Removing stm32f0xx_hal_i2c.o(i.HAL_I2C_Slave_Transmit_DMA), (284 bytes).
    Removing stm32f0xx_hal_i2c.o(i.HAL_I2C_Slave_Transmit_IT), (120 bytes).
    Removing stm32f0xx_hal_i2c.o(i.I2C_ConvertOtherXferOptions), (30 bytes).
    Removing stm32f0xx_hal_i2c.o(i.I2C_DMAAbort), (38 bytes).
    Removing stm32f0xx_hal_i2c.o(i.I2C_DMAError), (30 bytes).
    Removing stm32f0xx_hal_i2c.o(i.I2C_DMAMasterReceiveCplt), (100 bytes).
    Removing stm32f0xx_hal_i2c.o(i.I2C_DMAMasterTransmitCplt), (100 bytes).
    Removing stm32f0xx_hal_i2c.o(i.I2C_DMASlaveReceiveCplt), (52 bytes).
    Removing stm32f0xx_hal_i2c.o(i.I2C_DMASlaveTransmitCplt), (42 bytes).
    Removing stm32f0xx_hal_i2c.o(i.I2C_Disable_IRQ), (116 bytes).
    Removing stm32f0xx_hal_i2c.o(i.I2C_Enable_IRQ), (136 bytes).
    Removing stm32f0xx_hal_i2c.o(i.I2C_ITAddrCplt), (208 bytes).
    Removing stm32f0xx_hal_i2c.o(i.I2C_ITError), (296 bytes).
    Removing stm32f0xx_hal_i2c.o(i.I2C_ITListenCplt), (120 bytes).
    Removing stm32f0xx_hal_i2c.o(i.I2C_ITMasterCplt), (308 bytes).
    Removing stm32f0xx_hal_i2c.o(i.I2C_ITMasterSeqCplt), (98 bytes).
    Removing stm32f0xx_hal_i2c.o(i.I2C_ITSlaveCplt), (408 bytes).
    Removing stm32f0xx_hal_i2c.o(i.I2C_ITSlaveSeqCplt), (156 bytes).
    Removing stm32f0xx_hal_i2c.o(i.I2C_Master_ISR_DMA), (392 bytes).
    Removing stm32f0xx_hal_i2c.o(i.I2C_Master_ISR_IT), (464 bytes).
    Removing stm32f0xx_hal_i2c.o(i.I2C_RequestMemoryRead), (128 bytes).
    Removing stm32f0xx_hal_i2c.o(i.I2C_RequestMemoryWrite), (128 bytes).
    Removing stm32f0xx_hal_i2c.o(i.I2C_Slave_ISR_DMA), (372 bytes).
    Removing stm32f0xx_hal_i2c.o(i.I2C_Slave_ISR_IT), (380 bytes).
    Removing stm32f0xx_hal_i2c.o(i.I2C_TreatErrorCallback), (62 bytes).
    Removing stm32f0xx_hal_i2c.o(i.I2C_WaitOnRXNEFlagUntilTimeout), (176 bytes).
    Removing stm32f0xx_hal_i2c_ex.o(.rev16_text), (4 bytes).
    Removing stm32f0xx_hal_i2c_ex.o(.revsh_text), (4 bytes).
    Removing stm32f0xx_hal_i2c_ex.o(i.HAL_I2CEx_DisableFastModePlus), (52 bytes).
    Removing stm32f0xx_hal_i2c_ex.o(i.HAL_I2CEx_DisableWakeUp), (100 bytes).
    Removing stm32f0xx_hal_i2c_ex.o(i.HAL_I2CEx_EnableFastModePlus), (52 bytes).
    Removing stm32f0xx_hal_i2c_ex.o(i.HAL_I2CEx_EnableWakeUp), (100 bytes).
    Removing stm32f0xx_hal_rcc.o(.rev16_text), (4 bytes).
    Removing stm32f0xx_hal_rcc.o(.revsh_text), (4 bytes).
    Removing stm32f0xx_hal_rcc.o(i.HAL_RCC_CSSCallback), (2 bytes).
    Removing stm32f0xx_hal_rcc.o(i.HAL_RCC_DeInit), (232 bytes).
    Removing stm32f0xx_hal_rcc.o(i.HAL_RCC_DisableCSS), (20 bytes).
    Removing stm32f0xx_hal_rcc.o(i.HAL_RCC_EnableCSS), (20 bytes).
    Removing stm32f0xx_hal_rcc.o(i.HAL_RCC_GetClockConfig), (56 bytes).
    Removing stm32f0xx_hal_rcc.o(i.HAL_RCC_GetHCLKFreq), (12 bytes).
    Removing stm32f0xx_hal_rcc.o(i.HAL_RCC_GetOscConfig), (244 bytes).
    Removing stm32f0xx_hal_rcc.o(i.HAL_RCC_GetPCLK1Freq), (36 bytes).
    Removing stm32f0xx_hal_rcc.o(i.HAL_RCC_MCOConfig), (100 bytes).
    Removing stm32f0xx_hal_rcc.o(i.HAL_RCC_NMI_IRQHandler), (32 bytes).
    Removing stm32f0xx_hal_rcc_ex.o(.rev16_text), (4 bytes).
    Removing stm32f0xx_hal_rcc_ex.o(.revsh_text), (4 bytes).
    Removing stm32f0xx_hal_rcc_ex.o(i.HAL_RCCEx_GetPeriphCLKConfig), (64 bytes).
    Removing stm32f0xx_hal_rcc_ex.o(i.HAL_RCCEx_GetPeriphCLKFreq), (308 bytes).
    Removing stm32f0xx_hal.o(.rev16_text), (4 bytes).
    Removing stm32f0xx_hal.o(.revsh_text), (4 bytes).
    Removing stm32f0xx_hal.o(i.HAL_DBGMCU_DisableDBGStandbyMode), (20 bytes).
    Removing stm32f0xx_hal.o(i.HAL_DBGMCU_DisableDBGStopMode), (20 bytes).
    Removing stm32f0xx_hal.o(i.HAL_DBGMCU_EnableDBGStandbyMode), (20 bytes).
    Removing stm32f0xx_hal.o(i.HAL_DBGMCU_EnableDBGStopMode), (20 bytes).
    Removing stm32f0xx_hal.o(i.HAL_DeInit), (44 bytes).
    Removing stm32f0xx_hal.o(i.HAL_GetDEVID), (16 bytes).
    Removing stm32f0xx_hal.o(i.HAL_GetHalVersion), (8 bytes).
    Removing stm32f0xx_hal.o(i.HAL_GetREVID), (12 bytes).
    Removing stm32f0xx_hal.o(i.HAL_GetTickFreq), (12 bytes).
    Removing stm32f0xx_hal.o(i.HAL_GetTickPrio), (12 bytes).
    Removing stm32f0xx_hal.o(i.HAL_GetUIDw0), (12 bytes).
    Removing stm32f0xx_hal.o(i.HAL_GetUIDw1), (12 bytes).
    Removing stm32f0xx_hal.o(i.HAL_GetUIDw2), (12 bytes).
    Removing stm32f0xx_hal.o(i.HAL_MspDeInit), (2 bytes).
    Removing stm32f0xx_hal.o(i.HAL_MspInit), (2 bytes).
    Removing stm32f0xx_hal.o(i.HAL_ResumeTick), (20 bytes).
    Removing stm32f0xx_hal.o(i.HAL_SetTickFreq), (52 bytes).
    Removing stm32f0xx_hal.o(i.HAL_SuspendTick), (20 bytes).
    Removing stm32f0xx_hal_gpio.o(.rev16_text), (4 bytes).
    Removing stm32f0xx_hal_gpio.o(.revsh_text), (4 bytes).
    Removing stm32f0xx_hal_gpio.o(i.HAL_GPIO_DeInit), (264 bytes).
    Removing stm32f0xx_hal_gpio.o(i.HAL_GPIO_EXTI_Callback), (2 bytes).
    Removing stm32f0xx_hal_gpio.o(i.HAL_GPIO_EXTI_IRQHandler), (32 bytes).
    Removing stm32f0xx_hal_gpio.o(i.HAL_GPIO_LockPin), (50 bytes).
    Removing stm32f0xx_hal_gpio.o(i.HAL_GPIO_TogglePin), (20 bytes).
    Removing stm32f0xx_hal_dma.o(.rev16_text), (4 bytes).
    Removing stm32f0xx_hal_dma.o(.revsh_text), (4 bytes).
    Removing stm32f0xx_hal_dma.o(i.DMA_CalcBaseAndBitshift), (32 bytes).
    Removing stm32f0xx_hal_dma.o(i.DMA_SetConfig), (42 bytes).
    Removing stm32f0xx_hal_dma.o(i.HAL_DMA_Abort), (82 bytes).
    Removing stm32f0xx_hal_dma.o(i.HAL_DMA_Abort_IT), (88 bytes).
    Removing stm32f0xx_hal_dma.o(i.HAL_DMA_DeInit), (88 bytes).
    Removing stm32f0xx_hal_dma.o(i.HAL_DMA_GetError), (6 bytes).
    Removing stm32f0xx_hal_dma.o(i.HAL_DMA_GetState), (8 bytes).
    Removing stm32f0xx_hal_dma.o(i.HAL_DMA_IRQHandler), (240 bytes).
    Removing stm32f0xx_hal_dma.o(i.HAL_DMA_Init), (92 bytes).
    Removing stm32f0xx_hal_dma.o(i.HAL_DMA_PollForTransfer), (236 bytes).
    Removing stm32f0xx_hal_dma.o(i.HAL_DMA_RegisterCallback), (92 bytes).
    Removing stm32f0xx_hal_dma.o(i.HAL_DMA_Start), (110 bytes).
    Removing stm32f0xx_hal_dma.o(i.HAL_DMA_Start_IT), (154 bytes).
    Removing stm32f0xx_hal_dma.o(i.HAL_DMA_UnRegisterCallback), (108 bytes).
    Removing stm32f0xx_hal_cortex.o(.rev16_text), (4 bytes).
    Removing stm32f0xx_hal_cortex.o(.revsh_text), (4 bytes).
    Removing stm32f0xx_hal_cortex.o(i.HAL_NVIC_ClearPendingIRQ), (28 bytes).
    Removing stm32f0xx_hal_cortex.o(i.HAL_NVIC_DisableIRQ), (60 bytes).
    Removing stm32f0xx_hal_cortex.o(i.HAL_NVIC_EnableIRQ), (28 bytes).
    Removing stm32f0xx_hal_cortex.o(i.HAL_NVIC_GetPendingIRQ), (48 bytes).
    Removing stm32f0xx_hal_cortex.o(i.HAL_NVIC_GetPriority), (72 bytes).
    Removing stm32f0xx_hal_cortex.o(i.HAL_NVIC_SetPendingIRQ), (28 bytes).
    Removing stm32f0xx_hal_cortex.o(i.HAL_NVIC_SystemReset), (56 bytes).
    Removing stm32f0xx_hal_cortex.o(i.HAL_SYSTICK_CLKSourceConfig), (36 bytes).
    Removing stm32f0xx_hal_cortex.o(i.HAL_SYSTICK_Callback), (2 bytes).
    Removing stm32f0xx_hal_cortex.o(i.HAL_SYSTICK_IRQHandler), (8 bytes).
    Removing stm32f0xx_hal_pwr.o(.rev16_text), (4 bytes).
    Removing stm32f0xx_hal_pwr.o(.revsh_text), (4 bytes).
    Removing stm32f0xx_hal_pwr.o(i.HAL_PWR_DeInit), (32 bytes).
    Removing stm32f0xx_hal_pwr.o(i.HAL_PWR_DisableBkUpAccess), (20 bytes).
    Removing stm32f0xx_hal_pwr.o(i.HAL_PWR_DisableSEVOnPend), (20 bytes).
    Removing stm32f0xx_hal_pwr.o(i.HAL_PWR_DisableSleepOnExit), (20 bytes).
    Removing stm32f0xx_hal_pwr.o(i.HAL_PWR_DisableWakeUpPin), (16 bytes).
    Removing stm32f0xx_hal_pwr.o(i.HAL_PWR_EnableBkUpAccess), (20 bytes).
    Removing stm32f0xx_hal_pwr.o(i.HAL_PWR_EnableSEVOnPend), (20 bytes).
    Removing stm32f0xx_hal_pwr.o(i.HAL_PWR_EnableSleepOnExit), (20 bytes).
    Removing stm32f0xx_hal_pwr.o(i.HAL_PWR_EnableWakeUpPin), (16 bytes).
    Removing stm32f0xx_hal_pwr.o(i.HAL_PWR_EnterSLEEPMode), (32 bytes).
    Removing stm32f0xx_hal_pwr.o(i.HAL_PWR_EnterSTANDBYMode), (40 bytes).
    Removing stm32f0xx_hal_pwr.o(i.HAL_PWR_EnterSTOPMode), (72 bytes).
    Removing stm32f0xx_hal_pwr_ex.o(.rev16_text), (4 bytes).
    Removing stm32f0xx_hal_pwr_ex.o(.revsh_text), (4 bytes).
    Removing stm32f0xx_hal_pwr_ex.o(i.HAL_PWR_ConfigPVD), (176 bytes).
    Removing stm32f0xx_hal_pwr_ex.o(i.HAL_PWR_DisablePVD), (20 bytes).
    Removing stm32f0xx_hal_pwr_ex.o(i.HAL_PWR_EnablePVD), (20 bytes).
    Removing stm32f0xx_hal_pwr_ex.o(i.HAL_PWR_PVDCallback), (2 bytes).
    Removing stm32f0xx_hal_pwr_ex.o(i.HAL_PWR_PVD_IRQHandler), (36 bytes).
    Removing stm32f0xx_hal_flash.o(.rev16_text), (4 bytes).
    Removing stm32f0xx_hal_flash.o(.revsh_text), (4 bytes).
    Removing stm32f0xx_hal_flash.o(i.FLASH_Program_HalfWord), (32 bytes).
    Removing stm32f0xx_hal_flash.o(i.FLASH_SetErrorCode), (72 bytes).
    Removing stm32f0xx_hal_flash.o(i.FLASH_WaitForLastOperation), (104 bytes).
    Removing stm32f0xx_hal_flash.o(i.HAL_FLASH_EndOfOperationCallback), (2 bytes).
    Removing stm32f0xx_hal_flash.o(i.HAL_FLASH_GetError), (12 bytes).
    Removing stm32f0xx_hal_flash.o(i.HAL_FLASH_IRQHandler), (396 bytes).
    Removing stm32f0xx_hal_flash.o(i.HAL_FLASH_Lock), (20 bytes).
    Removing stm32f0xx_hal_flash.o(i.HAL_FLASH_OB_Launch), (32 bytes).
    Removing stm32f0xx_hal_flash.o(i.HAL_FLASH_OB_Lock), (24 bytes).
    Removing stm32f0xx_hal_flash.o(i.HAL_FLASH_OB_Unlock), (48 bytes).
    Removing stm32f0xx_hal_flash.o(i.HAL_FLASH_OperationErrorCallback), (2 bytes).
    Removing stm32f0xx_hal_flash.o(i.HAL_FLASH_Program), (188 bytes).
    Removing stm32f0xx_hal_flash.o(i.HAL_FLASH_Program_IT), (120 bytes).
    Removing stm32f0xx_hal_flash.o(i.HAL_FLASH_Unlock), (52 bytes).
    Removing stm32f0xx_hal_flash.o(.bss), (32 bytes).
    Removing stm32f0xx_hal_flash_ex.o(.rev16_text), (4 bytes).
    Removing stm32f0xx_hal_flash_ex.o(.revsh_text), (4 bytes).
    Removing stm32f0xx_hal_flash_ex.o(i.FLASH_MassErase), (40 bytes).
    Removing stm32f0xx_hal_flash_ex.o(i.FLASH_OB_DisableWRP), (148 bytes).
    Removing stm32f0xx_hal_flash_ex.o(i.FLASH_OB_EnableWRP), (152 bytes).
    Removing stm32f0xx_hal_flash_ex.o(i.FLASH_OB_GetRDP), (40 bytes).
    Removing stm32f0xx_hal_flash_ex.o(i.FLASH_OB_GetUser), (20 bytes).
    Removing stm32f0xx_hal_flash_ex.o(i.FLASH_OB_GetWRP), (12 bytes).
    Removing stm32f0xx_hal_flash_ex.o(i.FLASH_OB_ProgramData), (76 bytes).
    Removing stm32f0xx_hal_flash_ex.o(i.FLASH_OB_RDP_LevelConfig), (128 bytes).
    Removing stm32f0xx_hal_flash_ex.o(i.FLASH_OB_UserConfig), (84 bytes).
    Removing stm32f0xx_hal_flash_ex.o(i.FLASH_PageErase), (44 bytes).
    Removing stm32f0xx_hal_flash_ex.o(i.HAL_FLASHEx_Erase), (172 bytes).
    Removing stm32f0xx_hal_flash_ex.o(i.HAL_FLASHEx_Erase_IT), (104 bytes).
    Removing stm32f0xx_hal_flash_ex.o(i.HAL_FLASHEx_OBErase), (100 bytes).
    Removing stm32f0xx_hal_flash_ex.o(i.HAL_FLASHEx_OBGetConfig), (28 bytes).
    Removing stm32f0xx_hal_flash_ex.o(i.HAL_FLASHEx_OBGetUserData), (40 bytes).
    Removing stm32f0xx_hal_flash_ex.o(i.HAL_FLASHEx_OBProgram), (208 bytes).
    Removing stm32f0xx_hal_exti.o(.rev16_text), (4 bytes).
    Removing stm32f0xx_hal_exti.o(.revsh_text), (4 bytes).
    Removing stm32f0xx_hal_exti.o(i.HAL_EXTI_ClearConfigLine), (124 bytes).
    Removing stm32f0xx_hal_exti.o(i.HAL_EXTI_ClearPending), (28 bytes).
    Removing stm32f0xx_hal_exti.o(i.HAL_EXTI_GenerateSWI), (24 bytes).
    Removing stm32f0xx_hal_exti.o(i.HAL_EXTI_GetConfigLine), (184 bytes).
    Removing stm32f0xx_hal_exti.o(i.HAL_EXTI_GetHandle), (16 bytes).
    Removing stm32f0xx_hal_exti.o(i.HAL_EXTI_GetPending), (36 bytes).
    Removing stm32f0xx_hal_exti.o(i.HAL_EXTI_IRQHandler), (48 bytes).
    Removing stm32f0xx_hal_exti.o(i.HAL_EXTI_RegisterCallback), (22 bytes).
    Removing stm32f0xx_hal_exti.o(i.HAL_EXTI_SetConfigLine), (236 bytes).
    Removing stm32f0xx_hal_spi.o(.rev16_text), (4 bytes).
    Removing stm32f0xx_hal_spi.o(.revsh_text), (4 bytes).
    Removing stm32f0xx_hal_spi.o(i.HAL_SPI_Abort), (476 bytes).
    Removing stm32f0xx_hal_spi.o(i.HAL_SPI_AbortCpltCallback), (2 bytes).
    Removing stm32f0xx_hal_spi.o(i.HAL_SPI_Abort_IT), (408 bytes).
    Removing stm32f0xx_hal_spi.o(i.HAL_SPI_DMAPause), (50 bytes).
    Removing stm32f0xx_hal_spi.o(i.HAL_SPI_DMAResume), (50 bytes).
    Removing stm32f0xx_hal_spi.o(i.HAL_SPI_DMAStop), (80 bytes).
    Removing stm32f0xx_hal_spi.o(i.HAL_SPI_DeInit), (58 bytes).
    Removing stm32f0xx_hal_spi.o(i.HAL_SPI_ErrorCallback), (2 bytes).
    Removing stm32f0xx_hal_spi.o(i.HAL_SPI_GetError), (6 bytes).
    Removing stm32f0xx_hal_spi.o(i.HAL_SPI_GetState), (8 bytes).
    Removing stm32f0xx_hal_spi.o(i.HAL_SPI_IRQHandler), (412 bytes).
    Removing stm32f0xx_hal_spi.o(i.HAL_SPI_MspDeInit), (2 bytes).
    Removing stm32f0xx_hal_spi.o(i.HAL_SPI_MspInit), (2 bytes).
    Removing stm32f0xx_hal_spi.o(i.HAL_SPI_Receive), (458 bytes).
    Removing stm32f0xx_hal_spi.o(i.HAL_SPI_Receive_DMA), (472 bytes).
    Removing stm32f0xx_hal_spi.o(i.HAL_SPI_Receive_IT), (264 bytes).
    Removing stm32f0xx_hal_spi.o(i.HAL_SPI_RxCpltCallback), (2 bytes).
    Removing stm32f0xx_hal_spi.o(i.HAL_SPI_RxHalfCpltCallback), (2 bytes).
    Removing stm32f0xx_hal_spi.o(i.HAL_SPI_Transmit), (460 bytes).
    Removing stm32f0xx_hal_spi.o(i.HAL_SPI_TransmitReceive_DMA), (620 bytes).
    Removing stm32f0xx_hal_spi.o(i.HAL_SPI_TransmitReceive_IT), (256 bytes).
    Removing stm32f0xx_hal_spi.o(i.HAL_SPI_Transmit_DMA), (356 bytes).
    Removing stm32f0xx_hal_spi.o(i.HAL_SPI_Transmit_IT), (200 bytes).
    Removing stm32f0xx_hal_spi.o(i.HAL_SPI_TxCpltCallback), (2 bytes).
    Removing stm32f0xx_hal_spi.o(i.HAL_SPI_TxHalfCpltCallback), (2 bytes).
    Removing stm32f0xx_hal_spi.o(i.HAL_SPI_TxRxCpltCallback), (2 bytes).
    Removing stm32f0xx_hal_spi.o(i.HAL_SPI_TxRxHalfCpltCallback), (2 bytes).
    Removing stm32f0xx_hal_spi.o(i.SPI_2linesRxISR_16BIT), (62 bytes).
    Removing stm32f0xx_hal_spi.o(i.SPI_2linesRxISR_8BIT), (120 bytes).
    Removing stm32f0xx_hal_spi.o(i.SPI_2linesTxISR_16BIT), (58 bytes).
    Removing stm32f0xx_hal_spi.o(i.SPI_2linesTxISR_8BIT), (86 bytes).
    Removing stm32f0xx_hal_spi.o(i.SPI_AbortRx_ISR), (164 bytes).
    Removing stm32f0xx_hal_spi.o(i.SPI_AbortTx_ISR), (276 bytes).
    Removing stm32f0xx_hal_spi.o(i.SPI_CloseRxTx_ISR), (100 bytes).
    Removing stm32f0xx_hal_spi.o(i.SPI_CloseRx_ISR), (72 bytes).
    Removing stm32f0xx_hal_spi.o(i.SPI_CloseTx_ISR), (98 bytes).
    Removing stm32f0xx_hal_spi.o(i.SPI_DMAAbortOnError), (24 bytes).
    Removing stm32f0xx_hal_spi.o(i.SPI_DMAError), (40 bytes).
    Removing stm32f0xx_hal_spi.o(i.SPI_DMAHalfReceiveCplt), (14 bytes).
    Removing stm32f0xx_hal_spi.o(i.SPI_DMAHalfTransmitCplt), (14 bytes).
    Removing stm32f0xx_hal_spi.o(i.SPI_DMAHalfTransmitReceiveCplt), (14 bytes).
    Removing stm32f0xx_hal_spi.o(i.SPI_DMAReceiveCplt), (130 bytes).
    Removing stm32f0xx_hal_spi.o(i.SPI_DMARxAbortCallback), (184 bytes).
    Removing stm32f0xx_hal_spi.o(i.SPI_DMATransmitCplt), (128 bytes).
    Removing stm32f0xx_hal_spi.o(i.SPI_DMATransmitReceiveCplt), (108 bytes).
    Removing stm32f0xx_hal_spi.o(i.SPI_DMATxAbortCallback), (180 bytes).
    Removing stm32f0xx_hal_spi.o(i.SPI_EndRxTransaction), (142 bytes).
    Removing stm32f0xx_hal_spi.o(i.SPI_RxISR_16BIT), (44 bytes).
    Removing stm32f0xx_hal_spi.o(i.SPI_RxISR_8BIT), (44 bytes).
    Removing stm32f0xx_hal_spi.o(i.SPI_TxISR_16BIT), (38 bytes).
    Removing stm32f0xx_hal_spi.o(i.SPI_TxISR_8BIT), (38 bytes).
    Removing stm32f0xx_hal_spi_ex.o(.rev16_text), (4 bytes).
    Removing stm32f0xx_hal_spi_ex.o(.revsh_text), (4 bytes).
    Removing stm32f0xx_hal_spi_ex.o(i.HAL_SPIEx_FlushRxFifo), (46 bytes).
    Removing stm32f0xx_hal_tim.o(.rev16_text), (4 bytes).
    Removing stm32f0xx_hal_tim.o(.revsh_text), (4 bytes).
    Removing stm32f0xx_hal_tim_ex.o(.rev16_text), (4 bytes).
    Removing stm32f0xx_hal_tim_ex.o(.revsh_text), (4 bytes).
    Removing system_stm32f0xx.o(.rev16_text), (4 bytes).
    Removing system_stm32f0xx.o(.revsh_text), (4 bytes).
    Removing system_stm32f0xx.o(i.SystemCoreClockUpdate), (176 bytes).

323 unused section(s) (total 29477 bytes) removed from the image.

==============================================================================

Image Symbol Table

    Local Symbols

    Symbol Name                              Value     Ov Type        Size  Object(Section)

    ../Core/Src/main.c                       0x00000000   Number         0  main.o ABSOLUTE
    ../Core/Src/stm32f0xx_hal_msp.c          0x00000000   Number         0  stm32f0xx_hal_msp.o ABSOLUTE
    ../Core/Src/stm32f0xx_it.c               0x00000000   Number         0  stm32f0xx_it.o ABSOLUTE
    ../Core/Src/system_stm32f0xx.c           0x00000000   Number         0  system_stm32f0xx.o ABSOLUTE
    ../Drivers/STM32F0xx_HAL_Driver/Src/stm32f0xx_hal.c 0x00000000   Number         0  stm32f0xx_hal.o ABSOLUTE
    ../Drivers/STM32F0xx_HAL_Driver/Src/stm32f0xx_hal_cortex.c 0x00000000   Number         0  stm32f0xx_hal_cortex.o ABSOLUTE
    ../Drivers/STM32F0xx_HAL_Driver/Src/stm32f0xx_hal_dma.c 0x00000000   Number         0  stm32f0xx_hal_dma.o ABSOLUTE
    ../Drivers/STM32F0xx_HAL_Driver/Src/stm32f0xx_hal_exti.c 0x00000000   Number         0  stm32f0xx_hal_exti.o ABSOLUTE
    ../Drivers/STM32F0xx_HAL_Driver/Src/stm32f0xx_hal_flash.c 0x00000000   Number         0  stm32f0xx_hal_flash.o ABSOLUTE
    ../Drivers/STM32F0xx_HAL_Driver/Src/stm32f0xx_hal_flash_ex.c 0x00000000   Number         0  stm32f0xx_hal_flash_ex.o ABSOLUTE
    ../Drivers/STM32F0xx_HAL_Driver/Src/stm32f0xx_hal_gpio.c 0x00000000   Number         0  stm32f0xx_hal_gpio.o ABSOLUTE
    ../Drivers/STM32F0xx_HAL_Driver/Src/stm32f0xx_hal_i2c.c 0x00000000   Number         0  stm32f0xx_hal_i2c.o ABSOLUTE
    ../Drivers/STM32F0xx_HAL_Driver/Src/stm32f0xx_hal_i2c_ex.c 0x00000000   Number         0  stm32f0xx_hal_i2c_ex.o ABSOLUTE
    ../Drivers/STM32F0xx_HAL_Driver/Src/stm32f0xx_hal_pwr.c 0x00000000   Number         0  stm32f0xx_hal_pwr.o ABSOLUTE
    ../Drivers/STM32F0xx_HAL_Driver/Src/stm32f0xx_hal_pwr_ex.c 0x00000000   Number         0  stm32f0xx_hal_pwr_ex.o ABSOLUTE
    ../Drivers/STM32F0xx_HAL_Driver/Src/stm32f0xx_hal_rcc.c 0x00000000   Number         0  stm32f0xx_hal_rcc.o ABSOLUTE
    ../Drivers/STM32F0xx_HAL_Driver/Src/stm32f0xx_hal_rcc_ex.c 0x00000000   Number         0  stm32f0xx_hal_rcc_ex.o ABSOLUTE
    ../Drivers/STM32F0xx_HAL_Driver/Src/stm32f0xx_hal_spi.c 0x00000000   Number         0  stm32f0xx_hal_spi.o ABSOLUTE
    ../Drivers/STM32F0xx_HAL_Driver/Src/stm32f0xx_hal_spi_ex.c 0x00000000   Number         0  stm32f0xx_hal_spi_ex.o ABSOLUTE
    ../Drivers/STM32F0xx_HAL_Driver/Src/stm32f0xx_hal_tim.c 0x00000000   Number         0  stm32f0xx_hal_tim.o ABSOLUTE
    ../Drivers/STM32F0xx_HAL_Driver/Src/stm32f0xx_hal_tim_ex.c 0x00000000   Number         0  stm32f0xx_hal_tim_ex.o ABSOLUTE
    ../clib/microlib/division.c              0x00000000   Number         0  uldiv.o ABSOLUTE
    ../clib/microlib/division.c              0x00000000   Number         0  uidiv.o ABSOLUTE
    ../clib/microlib/init/entry.s            0x00000000   Number         0  entry11a.o ABSOLUTE
    ../clib/microlib/init/entry.s            0x00000000   Number         0  entry2.o ABSOLUTE
    ../clib/microlib/init/entry.s            0x00000000   Number         0  entry5.o ABSOLUTE
    ../clib/microlib/init/entry.s            0x00000000   Number         0  entry9b.o ABSOLUTE
    ../clib/microlib/init/entry.s            0x00000000   Number         0  entry10a.o ABSOLUTE
    ../clib/microlib/init/entry.s            0x00000000   Number         0  entry10b.o ABSOLUTE
    ../clib/microlib/init/entry.s            0x00000000   Number         0  entry12a.o ABSOLUTE
    ../clib/microlib/init/entry.s            0x00000000   Number         0  entry12b.o ABSOLUTE
    ../clib/microlib/init/entry.s            0x00000000   Number         0  entry9a.o ABSOLUTE
    ../clib/microlib/init/entry.s            0x00000000   Number         0  entry11b.o ABSOLUTE
    ../clib/microlib/init/entry.s            0x00000000   Number         0  entry8b.o ABSOLUTE
    ../clib/microlib/init/entry.s            0x00000000   Number         0  entry8a.o ABSOLUTE
    ../clib/microlib/init/entry.s            0x00000000   Number         0  entry7b.o ABSOLUTE
    ../clib/microlib/init/entry.s            0x00000000   Number         0  entry7a.o ABSOLUTE
    ../clib/microlib/init/entry.s            0x00000000   Number         0  entry.o ABSOLUTE
    ../clib/microlib/longlong.c              0x00000000   Number         0  llushr.o ABSOLUTE
    ../clib/microlib/longlong.c              0x00000000   Number         0  llshl.o ABSOLUTE
    ../clib/microlib/longlong.c              0x00000000   Number         0  llsshr.o ABSOLUTE
    ../clib/microlib/printf/printf.c         0x00000000   Number         0  printfa.o ABSOLUTE
    ../clib/microlib/stdio/fputc.c           0x00000000   Number         0  fputc.o ABSOLUTE
    ../clib/microlib/stdio/semi.s            0x00000000   Number         0  semi.o ABSOLUTE
    ../clib/microlib/stdio/streams.c         0x00000000   Number         0  stdout.o ABSOLUTE
    ../clib/microlib/string/memcpy.c         0x00000000   Number         0  memcpyb.o ABSOLUTE
    ../clib/microlib/string/memcpy.c         0x00000000   Number         0  memcpya.o ABSOLUTE
    ../clib/microlib/string/memset.c         0x00000000   Number         0  memseta.o ABSOLUTE
    ../clib/microlib/stubs.s                 0x00000000   Number         0  iusesemip.o ABSOLUTE
    ../clib/microlib/stubs.s                 0x00000000   Number         0  iusefp.o ABSOLUTE
    ../fplib/microlib/fpadd.c                0x00000000   Number         0  dadd.o ABSOLUTE
    ../fplib/microlib/fpdiv.c                0x00000000   Number         0  ddiv.o ABSOLUTE
    ../fplib/microlib/fpepilogue.c           0x00000000   Number         0  depilogue.o ABSOLUTE
    ../fplib/microlib/fpfix.c                0x00000000   Number         0  dfixul.o ABSOLUTE
    ../fplib/microlib/fpmul.c                0x00000000   Number         0  dmul.o ABSOLUTE
    ..\Core\Src\connectivity.c               0x00000000   Number         0  connectivity.o ABSOLUTE
    ..\Core\Src\graphics.c                   0x00000000   Number         0  graphics.o ABSOLUTE
    ..\Core\Src\keymap.c                     0x00000000   Number         0  keymap.o ABSOLUTE
    ..\Core\Src\main.c                       0x00000000   Number         0  main.o ABSOLUTE
    ..\Core\Src\map.c                        0x00000000   Number         0  map.o ABSOLUTE
    ..\Core\Src\nrf24.c                      0x00000000   Number         0  nrf24.o ABSOLUTE
    ..\Core\Src\stm32f0xx_hal_msp.c          0x00000000   Number         0  stm32f0xx_hal_msp.o ABSOLUTE
    ..\Core\Src\stm32f0xx_it.c               0x00000000   Number         0  stm32f0xx_it.o ABSOLUTE
    ..\Core\Src\system_stm32f0xx.c           0x00000000   Number         0  system_stm32f0xx.o ABSOLUTE
    ..\Drivers\STM32F0xx_HAL_Driver\Src\stm32f0xx_hal.c 0x00000000   Number         0  stm32f0xx_hal.o ABSOLUTE
    ..\Drivers\STM32F0xx_HAL_Driver\Src\stm32f0xx_hal_cortex.c 0x00000000   Number         0  stm32f0xx_hal_cortex.o ABSOLUTE
    ..\Drivers\STM32F0xx_HAL_Driver\Src\stm32f0xx_hal_dma.c 0x00000000   Number         0  stm32f0xx_hal_dma.o ABSOLUTE
    ..\Drivers\STM32F0xx_HAL_Driver\Src\stm32f0xx_hal_exti.c 0x00000000   Number         0  stm32f0xx_hal_exti.o ABSOLUTE
    ..\Drivers\STM32F0xx_HAL_Driver\Src\stm32f0xx_hal_flash.c 0x00000000   Number         0  stm32f0xx_hal_flash.o ABSOLUTE
    ..\Drivers\STM32F0xx_HAL_Driver\Src\stm32f0xx_hal_flash_ex.c 0x00000000   Number         0  stm32f0xx_hal_flash_ex.o ABSOLUTE
    ..\Drivers\STM32F0xx_HAL_Driver\Src\stm32f0xx_hal_gpio.c 0x00000000   Number         0  stm32f0xx_hal_gpio.o ABSOLUTE
    ..\Drivers\STM32F0xx_HAL_Driver\Src\stm32f0xx_hal_i2c.c 0x00000000   Number         0  stm32f0xx_hal_i2c.o ABSOLUTE
    ..\Drivers\STM32F0xx_HAL_Driver\Src\stm32f0xx_hal_i2c_ex.c 0x00000000   Number         0  stm32f0xx_hal_i2c_ex.o ABSOLUTE
    ..\Drivers\STM32F0xx_HAL_Driver\Src\stm32f0xx_hal_pwr.c 0x00000000   Number         0  stm32f0xx_hal_pwr.o ABSOLUTE
    ..\Drivers\STM32F0xx_HAL_Driver\Src\stm32f0xx_hal_pwr_ex.c 0x00000000   Number         0  stm32f0xx_hal_pwr_ex.o ABSOLUTE
    ..\Drivers\STM32F0xx_HAL_Driver\Src\stm32f0xx_hal_rcc.c 0x00000000   Number         0  stm32f0xx_hal_rcc.o ABSOLUTE
    ..\Drivers\STM32F0xx_HAL_Driver\Src\stm32f0xx_hal_rcc_ex.c 0x00000000   Number         0  stm32f0xx_hal_rcc_ex.o ABSOLUTE
    ..\Drivers\STM32F0xx_HAL_Driver\Src\stm32f0xx_hal_spi.c 0x00000000   Number         0  stm32f0xx_hal_spi.o ABSOLUTE
    ..\Drivers\STM32F0xx_HAL_Driver\Src\stm32f0xx_hal_spi_ex.c 0x00000000   Number         0  stm32f0xx_hal_spi_ex.o ABSOLUTE
    ..\Drivers\STM32F0xx_HAL_Driver\Src\stm32f0xx_hal_tim.c 0x00000000   Number         0  stm32f0xx_hal_tim.o ABSOLUTE
    ..\Drivers\STM32F0xx_HAL_Driver\Src\stm32f0xx_hal_tim_ex.c 0x00000000   Number         0  stm32f0xx_hal_tim_ex.o ABSOLUTE
    ..\\Core\\Src\\connectivity.c            0x00000000   Number         0  connectivity.o ABSOLUTE
    ..\\Core\\Src\\graphics.c                0x00000000   Number         0  graphics.o ABSOLUTE
    ..\\Core\\Src\\keymap.c                  0x00000000   Number         0  keymap.o ABSOLUTE
    ..\\Core\\Src\\map.c                     0x00000000   Number         0  map.o ABSOLUTE
    ..\\Core\\Src\\nrf24.c                   0x00000000   Number         0  nrf24.o ABSOLUTE
    cdrcmple.s                               0x00000000   Number         0  cdrcmple.o ABSOLUTE
    dc.s                                     0x00000000   Number         0  dc.o ABSOLUTE
    handlers.s                               0x00000000   Number         0  handlers.o ABSOLUTE
    init.s                                   0x00000000   Number         0  init.o ABSOLUTE
    startup_stm32f051x8.s                    0x00000000   Number         0  startup_stm32f051x8.o ABSOLUTE
    RESET                                    0x08000000   Section      188  startup_stm32f051x8.o(RESET)
    .ARM.Collect$$$$00000000                 0x080000bc   Section        0  entry.o(.ARM.Collect$$$$00000000)
    .ARM.Collect$$$$00000001                 0x080000bc   Section        4  entry2.o(.ARM.Collect$$$$00000001)
    .ARM.Collect$$$$00000004                 0x080000c0   Section        4  entry5.o(.ARM.Collect$$$$00000004)
    .ARM.Collect$$$$00000008                 0x080000c4   Section        0  entry7b.o(.ARM.Collect$$$$00000008)
    .ARM.Collect$$$$0000000A                 0x080000c4   Section        0  entry8b.o(.ARM.Collect$$$$0000000A)
    .ARM.Collect$$$$0000000B                 0x080000c4   Section        8  entry9a.o(.ARM.Collect$$$$0000000B)
    .ARM.Collect$$$$0000000E                 0x080000cc   Section        4  entry12b.o(.ARM.Collect$$$$0000000E)
    .ARM.Collect$$$$0000000F                 0x080000d0   Section        0  entry10a.o(.ARM.Collect$$$$0000000F)
    .ARM.Collect$$$$00000011                 0x080000d0   Section        0  entry11a.o(.ARM.Collect$$$$00000011)
    .ARM.Collect$$$$00002712                 0x080000d0   Section        4  entry2.o(.ARM.Collect$$$$00002712)
    __lit__00000000                          0x080000d0   Data           4  entry2.o(.ARM.Collect$$$$00002712)
    .text                                    0x080000d4   Section       28  startup_stm32f051x8.o(.text)
    .text                                    0x080000f0   Section        0  uidiv.o(.text)
    .text                                    0x0800011c   Section        0  uldiv.o(.text)
    .text                                    0x0800017c   Section        0  llushr.o(.text)
    .text                                    0x0800019e   Section        0  memcpya.o(.text)
    .text                                    0x080001c2   Section        0  memseta.o(.text)
    .text                                    0x080001e6   Section        0  llshl.o(.text)
    .text                                    0x08000206   Section        0  iusefp.o(.text)
    .text                                    0x08000208   Section        0  dadd.o(.text)
    .text                                    0x08000370   Section        0  dmul.o(.text)
    .text                                    0x08000440   Section        0  ddiv.o(.text)
    .text                                    0x08000530   Section        0  dfixul.o(.text)
    .text                                    0x08000570   Section       40  cdrcmple.o(.text)
    .text                                    0x08000598   Section       36  init.o(.text)
    .text                                    0x080005bc   Section        0  llsshr.o(.text)
    .text                                    0x080005e2   Section        0  depilogue.o(.text)
    i.AddLocalShot                           0x080006a0   Section        0  map.o(i.AddLocalShot)
    i.AddShip                                0x080006b4   Section        0  map.o(i.AddShip)
    i.AddShot                                0x080006dc   Section        0  map.o(i.AddShot)
    i.CheckIfHit                             0x080006ec   Section        0  map.o(i.CheckIfHit)
    i.DisplayBuffer                          0x08000780   Section        0  graphics.o(i.DisplayBuffer)
    i.Error_Handler                          0x08000838   Section        0  main.o(i.Error_Handler)
    i.GetCursor                              0x08000840   Section        0  map.o(i.GetCursor)
    i.GetI2CHandle                           0x08000854   Section        0  main.o(i.GetI2CHandle)
    i.GetKeyClick                            0x080008a8   Section        0  keymap.o(i.GetKeyClick)
    i.GetNextShip                            0x0800098c   Section        0  map.o(i.GetNextShip)
    i.GetTemporaryShipLocation               0x080009f8   Section        0  map.o(i.GetTemporaryShipLocation)
    i.HAL_Delay                              0x08000a18   Section        0  stm32f0xx_hal.o(i.HAL_Delay)
    i.HAL_GPIO_Init                          0x08000a44   Section        0  stm32f0xx_hal_gpio.o(i.HAL_GPIO_Init)
    i.HAL_GPIO_ReadPin                       0x08000c34   Section        0  stm32f0xx_hal_gpio.o(i.HAL_GPIO_ReadPin)
    i.HAL_GPIO_WritePin                      0x08000c46   Section        0  stm32f0xx_hal_gpio.o(i.HAL_GPIO_WritePin)
    i.HAL_GetTick                            0x08000c54   Section        0  stm32f0xx_hal.o(i.HAL_GetTick)
    i.HAL_I2CEx_ConfigAnalogFilter           0x08000c60   Section        0  stm32f0xx_hal_i2c_ex.o(i.HAL_I2CEx_ConfigAnalogFilter)
    i.HAL_I2CEx_ConfigDigitalFilter          0x08000cce   Section        0  stm32f0xx_hal_i2c_ex.o(i.HAL_I2CEx_ConfigDigitalFilter)
    i.HAL_I2C_Init                           0x08000d40   Section        0  stm32f0xx_hal_i2c.o(i.HAL_I2C_Init)
    i.HAL_I2C_Master_Transmit                0x08000e14   Section        0  stm32f0xx_hal_i2c.o(i.HAL_I2C_Master_Transmit)
    i.HAL_I2C_MspInit                        0x08000f80   Section        0  stm32f0xx_hal_msp.o(i.HAL_I2C_MspInit)
    i.HAL_IncTick                            0x08001004   Section        0  stm32f0xx_hal.o(i.HAL_IncTick)
    i.HAL_Init                               0x0800101c   Section        0  stm32f0xx_hal.o(i.HAL_Init)
    i.HAL_InitTick                           0x0800103c   Section        0  stm32f0xx_hal.o(i.HAL_InitTick)
    i.HAL_MspInit                            0x08001090   Section        0  stm32f0xx_hal_msp.o(i.HAL_MspInit)
    i.HAL_NVIC_SetPriority                   0x080010d0   Section        0  stm32f0xx_hal_cortex.o(i.HAL_NVIC_SetPriority)
    i.HAL_RCCEx_PeriphCLKConfig              0x080010e4   Section        0  stm32f0xx_hal_rcc_ex.o(i.HAL_RCCEx_PeriphCLKConfig)
    i.HAL_RCC_ClockConfig                    0x08001250   Section        0  stm32f0xx_hal_rcc.o(i.HAL_RCC_ClockConfig)
    i.HAL_RCC_GetSysClockFreq                0x080013bc   Section        0  stm32f0xx_hal_rcc.o(i.HAL_RCC_GetSysClockFreq)
    i.HAL_RCC_OscConfig                      0x0800148c   Section        0  stm32f0xx_hal_rcc.o(i.HAL_RCC_OscConfig)
    i.HAL_SPI_Init                           0x08001a18   Section        0  stm32f0xx_hal_spi.o(i.HAL_SPI_Init)
    i.HAL_SPI_MspInit                        0x08001b24   Section        0  stm32f0xx_hal_msp.o(i.HAL_SPI_MspInit)
    i.HAL_SPI_TransmitReceive                0x08001ba0   Section        0  stm32f0xx_hal_spi.o(i.HAL_SPI_TransmitReceive)
    i.HAL_SYSTICK_Config                     0x08001e0c   Section        0  stm32f0xx_hal_cortex.o(i.HAL_SYSTICK_Config)
    i.HardFault_Handler                      0x08001e44   Section        0  stm32f0xx_it.o(i.HardFault_Handler)
    i.I2C_Flush_TXDR                         0x08001e48   Section        0  stm32f0xx_hal_i2c.o(i.I2C_Flush_TXDR)
    I2C_Flush_TXDR                           0x08001e49   Thumb Code    50  stm32f0xx_hal_i2c.o(i.I2C_Flush_TXDR)
    i.I2C_IsAcknowledgeFailed                0x08001e7c   Section        0  stm32f0xx_hal_i2c.o(i.I2C_IsAcknowledgeFailed)
    I2C_IsAcknowledgeFailed                  0x08001e7d   Thumb Code   154  stm32f0xx_hal_i2c.o(i.I2C_IsAcknowledgeFailed)
    i.I2C_TransferConfig                     0x08001f1c   Section        0  stm32f0xx_hal_i2c.o(i.I2C_TransferConfig)
    I2C_TransferConfig                       0x08001f1d   Thumb Code    52  stm32f0xx_hal_i2c.o(i.I2C_TransferConfig)
    i.I2C_WaitOnFlagUntilTimeout             0x08001f54   Section        0  stm32f0xx_hal_i2c.o(i.I2C_WaitOnFlagUntilTimeout)
    I2C_WaitOnFlagUntilTimeout               0x08001f55   Thumb Code    88  stm32f0xx_hal_i2c.o(i.I2C_WaitOnFlagUntilTimeout)
    i.I2C_WaitOnSTOPFlagUntilTimeout         0x08001fac   Section        0  stm32f0xx_hal_i2c.o(i.I2C_WaitOnSTOPFlagUntilTimeout)
    I2C_WaitOnSTOPFlagUntilTimeout           0x08001fad   Thumb Code    90  stm32f0xx_hal_i2c.o(i.I2C_WaitOnSTOPFlagUntilTimeout)
    i.I2C_WaitOnTXISFlagUntilTimeout         0x08002006   Section        0  stm32f0xx_hal_i2c.o(i.I2C_WaitOnTXISFlagUntilTimeout)
    I2C_WaitOnTXISFlagUntilTimeout           0x08002007   Thumb Code    96  stm32f0xx_hal_i2c.o(i.I2C_WaitOnTXISFlagUntilTimeout)
    i.Init                                   0x08002066   Section        0  main.o(i.Init)
    i.MX_GPIO_Init                           0x08002080   Section        0  main.o(i.MX_GPIO_Init)
    MX_GPIO_Init                             0x08002081   Thumb Code   182  main.o(i.MX_GPIO_Init)
    i.MX_I2C1_Init                           0x08002148   Section        0  main.o(i.MX_I2C1_Init)
    MX_I2C1_Init                             0x08002149   Thumb Code    80  main.o(i.MX_I2C1_Init)
    i.MX_SPI1_Init                           0x080021a4   Section        0  main.o(i.MX_SPI1_Init)
    MX_SPI1_Init                             0x080021a5   Thumb Code    74  main.o(i.MX_SPI1_Init)
    i.NMI_Handler                            0x080021f8   Section        0  stm32f0xx_it.o(i.NMI_Handler)
    i.PaintCursor                            0x080021fc   Section        0  map.o(i.PaintCursor)
    i.PaintDistantShots                      0x0800223c   Section        0  map.o(i.PaintDistantShots)
    i.PaintLocalShots                        0x08002290   Section        0  map.o(i.PaintLocalShots)
    i.PaintSea                               0x080022e8   Section        0  map.o(i.PaintSea)
    i.PaintShips                             0x080022fc   Section        0  map.o(i.PaintShips)
    i.PaintTempShip                          0x08002330   Section        0  map.o(i.PaintTempShip)
    i.PaintTiles                             0x0800234c   Section        0  graphics.o(i.PaintTiles)
    i.PendSV_Handler                         0x0800237c   Section        0  stm32f0xx_it.o(i.PendSV_Handler)
    i.ReceiveData                            0x08002380   Section        0  connectivity.o(i.ReceiveData)
    i.SPI_EndRxTxTransaction                 0x080023f8   Section        0  stm32f0xx_hal_spi.o(i.SPI_EndRxTxTransaction)
    SPI_EndRxTxTransaction                   0x080023f9   Thumb Code   106  stm32f0xx_hal_spi.o(i.SPI_EndRxTxTransaction)
    i.SPI_WaitFifoStateUntilTimeout          0x08002464   Section        0  stm32f0xx_hal_spi.o(i.SPI_WaitFifoStateUntilTimeout)
    SPI_WaitFifoStateUntilTimeout            0x08002465   Thumb Code   226  stm32f0xx_hal_spi.o(i.SPI_WaitFifoStateUntilTimeout)
    i.SPI_WaitFlagStateUntilTimeout          0x0800254c   Section        0  stm32f0xx_hal_spi.o(i.SPI_WaitFlagStateUntilTimeout)
    SPI_WaitFlagStateUntilTimeout            0x0800254d   Thumb Code   214  stm32f0xx_hal_spi.o(i.SPI_WaitFlagStateUntilTimeout)
    i.SVC_Handler                            0x08002628   Section        0  stm32f0xx_it.o(i.SVC_Handler)
    i.SendData                               0x0800262c   Section        0  connectivity.o(i.SendData)
    i.SetAsReceiver                          0x080026a8   Section        0  connectivity.o(i.SetAsReceiver)
    i.SetAsTransmitter                       0x0800270c   Section        0  connectivity.o(i.SetAsTransmitter)
    i.SetCursor                              0x0800276c   Section        0  map.o(i.SetCursor)
    i.SetTemporaryShipLocation               0x0800277c   Section        0  map.o(i.SetTemporaryShipLocation)
    i.SysTick_Handler                        0x08002790   Section        0  stm32f0xx_it.o(i.SysTick_Handler)
    i.SystemClock_Config                     0x08002798   Section        0  main.o(i.SystemClock_Config)
    i.SystemInit                             0x0800280a   Section        0  system_stm32f0xx.o(i.SystemInit)
    i.__0sprintf                             0x0800280c   Section        0  printfa.o(i.__0sprintf)
    i.__ARM_clz                              0x08002834   Section        0  depilogue.o(i.__ARM_clz)
    i.__ARM_common_ll_muluu                  0x08002862   Section        0  stm32f0xx_hal_rcc.o(i.__ARM_common_ll_muluu)
    i.__ARM_common_switch8                   0x08002892   Section        0  nrf24.o(i.__ARM_common_switch8)
    i.__NVIC_SetPriority                     0x080028b0   Section        0  stm32f0xx_hal_cortex.o(i.__NVIC_SetPriority)
    __NVIC_SetPriority                       0x080028b1   Thumb Code   110  stm32f0xx_hal_cortex.o(i.__NVIC_SetPriority)
    i.__scatterload_copy                     0x08002928   Section       14  handlers.o(i.__scatterload_copy)
    i.__scatterload_null                     0x08002936   Section        2  handlers.o(i.__scatterload_null)
    i.__scatterload_zeroinit                 0x08002938   Section       14  handlers.o(i.__scatterload_zeroinit)
    i._fp_digits                             0x08002948   Section        0  printfa.o(i._fp_digits)
    _fp_digits                               0x08002949   Thumb Code   344  printfa.o(i._fp_digits)
    i._printf_core                           0x08002abc   Section        0  printfa.o(i._printf_core)
    _printf_core                             0x08002abd   Thumb Code  1760  printfa.o(i._printf_core)
    i._printf_post_padding                   0x080031ac   Section        0  printfa.o(i._printf_post_padding)
    _printf_post_padding                     0x080031ad   Thumb Code    32  printfa.o(i._printf_post_padding)
    i._printf_pre_padding                    0x080031cc   Section        0  printfa.o(i._printf_pre_padding)
    _printf_pre_padding                      0x080031cd   Thumb Code    44  printfa.o(i._printf_pre_padding)
    i._sputc                                 0x080031f8   Section        0  printfa.o(i._sputc)
    _sputc                                   0x080031f9   Thumb Code    10  printfa.o(i._sputc)
    i.drawShip                               0x08003202   Section        0  map.o(i.drawShip)
    i.main                                   0x08003244   Section        0  main.o(i.main)
    i.nRF24_CE_H                             0x08003504   Section        0  main.o(i.nRF24_CE_H)
    i.nRF24_CE_L                             0x08003518   Section        0  main.o(i.nRF24_CE_L)
    i.nRF24_CSN_H                            0x0800352c   Section        0  main.o(i.nRF24_CSN_H)
    i.nRF24_CSN_L                            0x08003540   Section        0  main.o(i.nRF24_CSN_L)
    i.nRF24_Check                            0x08003554   Section        0  nrf24.o(i.nRF24_Check)
    i.nRF24_ClearIRQFlags                    0x08003594   Section        0  nrf24.o(i.nRF24_ClearIRQFlags)
    i.nRF24_DisableAA                        0x080035ac   Section        0  nrf24.o(i.nRF24_DisableAA)
    i.nRF24_FlushRX                          0x080035da   Section        0  nrf24.o(i.nRF24_FlushRX)
    i.nRF24_FlushTX                          0x080035e6   Section        0  nrf24.o(i.nRF24_FlushTX)
    i.nRF24_GetRxDplPayloadWidth             0x080035f2   Section        0  nrf24.o(i.nRF24_GetRxDplPayloadWidth)
    nRF24_GetRxDplPayloadWidth               0x080035f3   Thumb Code    28  nrf24.o(i.nRF24_GetRxDplPayloadWidth)
    i.nRF24_GetStatus                        0x0800360e   Section        0  nrf24.o(i.nRF24_GetStatus)
    i.nRF24_GetStatus_RXFIFO                 0x08003618   Section        0  nrf24.o(i.nRF24_GetStatus_RXFIFO)
    i.nRF24_Init                             0x08003626   Section        0  nrf24.o(i.nRF24_Init)
    i.nRF24_LL_RW                            0x080036c8   Section        0  main.o(i.nRF24_LL_RW)
    i.nRF24_ReadMBReg                        0x08003710   Section        0  nrf24.o(i.nRF24_ReadMBReg)
    nRF24_ReadMBReg                          0x08003711   Thumb Code    46  nrf24.o(i.nRF24_ReadMBReg)
    i.nRF24_ReadPayload                      0x0800373e   Section        0  nrf24.o(i.nRF24_ReadPayload)
    i.nRF24_ReadPayloadGeneric               0x08003750   Section        0  nrf24.o(i.nRF24_ReadPayloadGeneric)
    nRF24_ReadPayloadGeneric                 0x08003751   Thumb Code    88  nrf24.o(i.nRF24_ReadPayloadGeneric)
    i.nRF24_ReadReg                          0x080037ac   Section        0  nrf24.o(i.nRF24_ReadReg)
    nRF24_ReadReg                            0x080037ad   Thumb Code    32  nrf24.o(i.nRF24_ReadReg)
    i.nRF24_SetAddr                          0x080037cc   Section        0  nrf24.o(i.nRF24_SetAddr)
    i.nRF24_SetAddrWidth                     0x0800383c   Section        0  nrf24.o(i.nRF24_SetAddrWidth)
    i.nRF24_SetCRCScheme                     0x0800384c   Section        0  nrf24.o(i.nRF24_SetCRCScheme)
    i.nRF24_SetDataRate                      0x08003870   Section        0  nrf24.o(i.nRF24_SetDataRate)
    i.nRF24_SetOperationalMode               0x08003894   Section        0  nrf24.o(i.nRF24_SetOperationalMode)
    i.nRF24_SetPowerMode                     0x080038b4   Section        0  nrf24.o(i.nRF24_SetPowerMode)
    i.nRF24_SetRFChannel                     0x080038dc   Section        0  nrf24.o(i.nRF24_SetRFChannel)
    i.nRF24_SetRXPipe                        0x080038ec   Section        0  nrf24.o(i.nRF24_SetRXPipe)
    i.nRF24_SetTXPower                       0x08003948   Section        0  nrf24.o(i.nRF24_SetTXPower)
    i.nRF24_TransmitPacket                   0x0800396c   Section        0  connectivity.o(i.nRF24_TransmitPacket)
    i.nRF24_WriteMBReg                       0x080039dc   Section        0  nrf24.o(i.nRF24_WriteMBReg)
    nRF24_WriteMBReg                         0x080039dd   Thumb Code    44  nrf24.o(i.nRF24_WriteMBReg)
    i.nRF24_WritePayload                     0x08003a08   Section        0  nrf24.o(i.nRF24_WritePayload)
    i.nRF24_WriteReg                         0x08003a1a   Section        0  nrf24.o(i.nRF24_WriteReg)
    nRF24_WriteReg                           0x08003a1b   Thumb Code    70  nrf24.o(i.nRF24_WriteReg)
    i.print_error                            0x08003a60   Section        0  main.o(i.print_error)
    .constdata                               0x08003a78   Section       19  connectivity.o(.constdata)
    nRF24_RX_PW_PIPE                         0x08003a78   Data           6  connectivity.o(.constdata)
    nRF24_ADDR_REGS                          0x08003a7e   Data           7  connectivity.o(.constdata)
    nRF24_ADDR                               0x08003a85   Data           3  connectivity.o(.constdata)
    nRF24_ADDR                               0x08003a88   Data           3  connectivity.o(.constdata)
    .constdata                               0x08003a8b   Section       13  nrf24.o(.constdata)
    nRF24_RX_PW_PIPE                         0x08003a8b   Data           6  nrf24.o(.constdata)
    nRF24_ADDR_REGS                          0x08003a91   Data           7  nrf24.o(.constdata)
    .constdata                               0x08003a98   Section       24  system_stm32f0xx.o(.constdata)
    .data                                    0x20000000   Section       18  connectivity.o(.data)
    .data                                    0x20000012   Section        6  keymap.o(.data)
    .data                                    0x20000018   Section       23  map.o(.data)
    .data                                    0x20000030   Section        9  stm32f0xx_hal.o(.data)
    .data                                    0x2000003c   Section        4  system_stm32f0xx.o(.data)
    .bss                                     0x20000040   Section       32  connectivity.o(.bss)
    .bss                                     0x20000060   Section       64  graphics.o(.bss)
    .bss                                     0x200000a0   Section      208  main.o(.bss)
    .bss                                     0x20000170   Section       88  map.o(.bss)
    STACK                                    0x200001c8   Section     1024  startup_stm32f051x8.o(STACK)

    Global Symbols

    Symbol Name                              Value     Ov Type        Size  Object(Section)

    BuildAttributes$$THM_ISAv3M$S$PE$A:L22$X:L11$S22$IEEE1$IW$USESV6$~STKCKD$USESV7$~SHL$OSPACE$ROPI$EBA8$MICROLIB$REQ8$PRES8$EABIv2 0x00000000   Number         0  anon$$obj.o ABSOLUTE
    __ARM_use_no_argv                        0x00000000   Number         0  main.o ABSOLUTE
    __arm_fini_                               - Undefined Weak Reference
    __cpp_initialize__aeabi_                  - Undefined Weak Reference
    __cxa_finalize                            - Undefined Weak Reference
    __decompress                              - Undefined Weak Reference
    _clock_init                               - Undefined Weak Reference
    _microlib_exit                            - Undefined Weak Reference
    __Vectors_Size                           0x000000bc   Number         0  startup_stm32f051x8.o ABSOLUTE
    __Vectors                                0x08000000   Data           4  startup_stm32f051x8.o(RESET)
    __Vectors_End                            0x080000bc   Data           0  startup_stm32f051x8.o(RESET)
    __main                                   0x080000bd   Thumb Code     0  entry.o(.ARM.Collect$$$$00000000)
    _main_stk                                0x080000bd   Thumb Code     0  entry2.o(.ARM.Collect$$$$00000001)
    _main_scatterload                        0x080000c1   Thumb Code     0  entry5.o(.ARM.Collect$$$$00000004)
    __main_after_scatterload                 0x080000c5   Thumb Code     0  entry5.o(.ARM.Collect$$$$00000004)
    _main_clock                              0x080000c5   Thumb Code     0  entry7b.o(.ARM.Collect$$$$00000008)
    _main_cpp_init                           0x080000c5   Thumb Code     0  entry8b.o(.ARM.Collect$$$$0000000A)
    _main_init                               0x080000c5   Thumb Code     0  entry9a.o(.ARM.Collect$$$$0000000B)
    __rt_lib_shutdown_fini                   0x080000cd   Thumb Code     0  entry12b.o(.ARM.Collect$$$$0000000E)
    __rt_final_cpp                           0x080000d1   Thumb Code     0  entry10a.o(.ARM.Collect$$$$0000000F)
    __rt_final_exit                          0x080000d1   Thumb Code     0  entry11a.o(.ARM.Collect$$$$00000011)
    Reset_Handler                            0x080000d5   Thumb Code     8  startup_stm32f051x8.o(.text)
    ADC1_COMP_IRQHandler                     0x080000e7   Thumb Code     0  startup_stm32f051x8.o(.text)
    CEC_IRQHandler                           0x080000e7   Thumb Code     0  startup_stm32f051x8.o(.text)
    DMA1_Channel1_IRQHandler                 0x080000e7   Thumb Code     0  startup_stm32f051x8.o(.text)
    DMA1_Channel2_3_IRQHandler               0x080000e7   Thumb Code     0  startup_stm32f051x8.o(.text)
    DMA1_Channel4_5_IRQHandler               0x080000e7   Thumb Code     0  startup_stm32f051x8.o(.text)
    EXTI0_1_IRQHandler                       0x080000e7   Thumb Code     0  startup_stm32f051x8.o(.text)
    EXTI2_3_IRQHandler                       0x080000e7   Thumb Code     0  startup_stm32f051x8.o(.text)
    EXTI4_15_IRQHandler                      0x080000e7   Thumb Code     0  startup_stm32f051x8.o(.text)
    FLASH_IRQHandler                         0x080000e7   Thumb Code     0  startup_stm32f051x8.o(.text)
    I2C1_IRQHandler                          0x080000e7   Thumb Code     0  startup_stm32f051x8.o(.text)
    I2C2_IRQHandler                          0x080000e7   Thumb Code     0  startup_stm32f051x8.o(.text)
    PVD_IRQHandler                           0x080000e7   Thumb Code     0  startup_stm32f051x8.o(.text)
    RCC_IRQHandler                           0x080000e7   Thumb Code     0  startup_stm32f051x8.o(.text)
    RTC_IRQHandler                           0x080000e7   Thumb Code     0  startup_stm32f051x8.o(.text)
    SPI1_IRQHandler                          0x080000e7   Thumb Code     0  startup_stm32f051x8.o(.text)
    SPI2_IRQHandler                          0x080000e7   Thumb Code     0  startup_stm32f051x8.o(.text)
    TIM14_IRQHandler                         0x080000e7   Thumb Code     0  startup_stm32f051x8.o(.text)
    TIM15_IRQHandler                         0x080000e7   Thumb Code     0  startup_stm32f051x8.o(.text)
    TIM16_IRQHandler                         0x080000e7   Thumb Code     0  startup_stm32f051x8.o(.text)
    TIM17_IRQHandler                         0x080000e7   Thumb Code     0  startup_stm32f051x8.o(.text)
    TIM1_BRK_UP_TRG_COM_IRQHandler           0x080000e7   Thumb Code     0  startup_stm32f051x8.o(.text)
    TIM1_CC_IRQHandler                       0x080000e7   Thumb Code     0  startup_stm32f051x8.o(.text)
    TIM2_IRQHandler                          0x080000e7   Thumb Code     0  startup_stm32f051x8.o(.text)
    TIM3_IRQHandler                          0x080000e7   Thumb Code     0  startup_stm32f051x8.o(.text)
    TIM6_DAC_IRQHandler                      0x080000e7   Thumb Code     0  startup_stm32f051x8.o(.text)
    TSC_IRQHandler                           0x080000e7   Thumb Code     0  startup_stm32f051x8.o(.text)
    USART1_IRQHandler                        0x080000e7   Thumb Code     0  startup_stm32f051x8.o(.text)
    USART2_IRQHandler                        0x080000e7   Thumb Code     0  startup_stm32f051x8.o(.text)
    WWDG_IRQHandler                          0x080000e7   Thumb Code     0  startup_stm32f051x8.o(.text)
    __aeabi_uidiv                            0x080000f1   Thumb Code     0  uidiv.o(.text)
    __aeabi_uidivmod                         0x080000f1   Thumb Code    44  uidiv.o(.text)
    __aeabi_uldivmod                         0x0800011d   Thumb Code    96  uldiv.o(.text)
    __aeabi_llsr                             0x0800017d   Thumb Code    34  llushr.o(.text)
    _ll_ushift_r                             0x0800017d   Thumb Code     0  llushr.o(.text)
    __aeabi_memcpy                           0x0800019f   Thumb Code    36  memcpya.o(.text)
    __aeabi_memcpy4                          0x0800019f   Thumb Code     0  memcpya.o(.text)
    __aeabi_memcpy8                          0x0800019f   Thumb Code     0  memcpya.o(.text)
    __aeabi_memset                           0x080001c3   Thumb Code    14  memseta.o(.text)
    __aeabi_memset4                          0x080001c3   Thumb Code     0  memseta.o(.text)
    __aeabi_memset8                          0x080001c3   Thumb Code     0  memseta.o(.text)
    __aeabi_memclr                           0x080001d1   Thumb Code     4  memseta.o(.text)
    __aeabi_memclr4                          0x080001d1   Thumb Code     0  memseta.o(.text)
    __aeabi_memclr8                          0x080001d1   Thumb Code     0  memseta.o(.text)
    _memset$wrapper                          0x080001d5   Thumb Code    18  memseta.o(.text)
    __aeabi_llsl                             0x080001e7   Thumb Code    32  llshl.o(.text)
    _ll_shift_l                              0x080001e7   Thumb Code     0  llshl.o(.text)
    __I$use$fp                               0x08000207   Thumb Code     0  iusefp.o(.text)
    __aeabi_dadd                             0x08000209   Thumb Code   330  dadd.o(.text)
    __aeabi_dsub                             0x08000353   Thumb Code    12  dadd.o(.text)
    __aeabi_drsub                            0x0800035f   Thumb Code    12  dadd.o(.text)
    __aeabi_dmul                             0x08000371   Thumb Code   202  dmul.o(.text)
    __aeabi_ddiv                             0x08000441   Thumb Code   234  ddiv.o(.text)
    __aeabi_d2ulz                            0x08000531   Thumb Code    54  dfixul.o(.text)
    __aeabi_cdrcmple                         0x08000571   Thumb Code    38  cdrcmple.o(.text)
    __scatterload                            0x08000599   Thumb Code    28  init.o(.text)
    __scatterload_rt2                        0x08000599   Thumb Code     0  init.o(.text)
    __aeabi_lasr                             0x080005bd   Thumb Code    38  llsshr.o(.text)
    _ll_sshift_r                             0x080005bd   Thumb Code     0  llsshr.o(.text)
    _double_round                            0x080005e3   Thumb Code    26  depilogue.o(.text)
    _double_epilogue                         0x080005fd   Thumb Code   164  depilogue.o(.text)
    AddLocalShot                             0x080006a1   Thumb Code    16  map.o(i.AddLocalShot)
    AddShip                                  0x080006b5   Thumb Code    32  map.o(i.AddShip)
    AddShot                                  0x080006dd   Thumb Code    12  map.o(i.AddShot)
    CheckIfHit                               0x080006ed   Thumb Code   138  map.o(i.CheckIfHit)
    DisplayBuffer                            0x08000781   Thumb Code   178  graphics.o(i.DisplayBuffer)
    Error_Handler                            0x08000839   Thumb Code     6  main.o(i.Error_Handler)
    GetCursor                                0x08000841   Thumb Code    16  map.o(i.GetCursor)
    GetI2CHandle                             0x08000855   Thumb Code    80  main.o(i.GetI2CHandle)
    GetKeyClick                              0x080008a9   Thumb Code   222  keymap.o(i.GetKeyClick)
    GetNextShip                              0x0800098d   Thumb Code   100  map.o(i.GetNextShip)
    GetTemporaryShipLocation                 0x080009f9   Thumb Code    28  map.o(i.GetTemporaryShipLocation)
    HAL_Delay                                0x08000a19   Thumb Code    38  stm32f0xx_hal.o(i.HAL_Delay)
    HAL_GPIO_Init                            0x08000a45   Thumb Code   472  stm32f0xx_hal_gpio.o(i.HAL_GPIO_Init)
    HAL_GPIO_ReadPin                         0x08000c35   Thumb Code    18  stm32f0xx_hal_gpio.o(i.HAL_GPIO_ReadPin)
    HAL_GPIO_WritePin                        0x08000c47   Thumb Code    12  stm32f0xx_hal_gpio.o(i.HAL_GPIO_WritePin)
    HAL_GetTick                              0x08000c55   Thumb Code     6  stm32f0xx_hal.o(i.HAL_GetTick)
    HAL_I2CEx_ConfigAnalogFilter             0x08000c61   Thumb Code   110  stm32f0xx_hal_i2c_ex.o(i.HAL_I2CEx_ConfigAnalogFilter)
    HAL_I2CEx_ConfigDigitalFilter            0x08000ccf   Thumb Code   112  stm32f0xx_hal_i2c_ex.o(i.HAL_I2CEx_ConfigDigitalFilter)
    HAL_I2C_Init                             0x08000d41   Thumb Code   208  stm32f0xx_hal_i2c.o(i.HAL_I2C_Init)
    HAL_I2C_Master_Transmit                  0x08000e15   Thumb Code   354  stm32f0xx_hal_i2c.o(i.HAL_I2C_Master_Transmit)
    HAL_I2C_MspInit                          0x08000f81   Thumb Code   118  stm32f0xx_hal_msp.o(i.HAL_I2C_MspInit)
    HAL_IncTick                              0x08001005   Thumb Code    16  stm32f0xx_hal.o(i.HAL_IncTick)
    HAL_Init                                 0x0800101d   Thumb Code    28  stm32f0xx_hal.o(i.HAL_Init)
    HAL_InitTick                             0x0800103d   Thumb Code    70  stm32f0xx_hal.o(i.HAL_InitTick)
    HAL_MspInit                              0x08001091   Thumb Code    60  stm32f0xx_hal_msp.o(i.HAL_MspInit)
    HAL_NVIC_SetPriority                     0x080010d1   Thumb Code    18  stm32f0xx_hal_cortex.o(i.HAL_NVIC_SetPriority)
    HAL_RCCEx_PeriphCLKConfig                0x080010e5   Thumb Code   350  stm32f0xx_hal_rcc_ex.o(i.HAL_RCCEx_PeriphCLKConfig)
    HAL_RCC_ClockConfig                      0x08001251   Thumb Code   342  stm32f0xx_hal_rcc.o(i.HAL_RCC_ClockConfig)
    HAL_RCC_GetSysClockFreq                  0x080013bd   Thumb Code   162  stm32f0xx_hal_rcc.o(i.HAL_RCC_GetSysClockFreq)
    HAL_RCC_OscConfig                        0x0800148d   Thumb Code  1416  stm32f0xx_hal_rcc.o(i.HAL_RCC_OscConfig)
    HAL_SPI_Init                             0x08001a19   Thumb Code   268  stm32f0xx_hal_spi.o(i.HAL_SPI_Init)
    HAL_SPI_MspInit                          0x08001b25   Thumb Code   114  stm32f0xx_hal_msp.o(i.HAL_SPI_MspInit)
    HAL_SPI_TransmitReceive                  0x08001ba1   Thumb Code   618  stm32f0xx_hal_spi.o(i.HAL_SPI_TransmitReceive)
    HAL_SYSTICK_Config                       0x08001e0d   Thumb Code    46  stm32f0xx_hal_cortex.o(i.HAL_SYSTICK_Config)
    HardFault_Handler                        0x08001e45   Thumb Code     4  stm32f0xx_it.o(i.HardFault_Handler)
    Init                                     0x08002067   Thumb Code    24  main.o(i.Init)
    NMI_Handler                              0x080021f9   Thumb Code     4  stm32f0xx_it.o(i.NMI_Handler)
    PaintCursor                              0x080021fd   Thumb Code    56  map.o(i.PaintCursor)
    PaintDistantShots                        0x0800223d   Thumb Code    80  map.o(i.PaintDistantShots)
    PaintLocalShots                          0x08002291   Thumb Code    84  map.o(i.PaintLocalShots)
    PaintSea                                 0x080022e9   Thumb Code    20  map.o(i.PaintSea)
    PaintShips                               0x080022fd   Thumb Code    42  map.o(i.PaintShips)
    PaintTempShip                            0x08002331   Thumb Code    22  map.o(i.PaintTempShip)
    PaintTiles                               0x0800234d   Thumb Code    42  graphics.o(i.PaintTiles)
    PendSV_Handler                           0x0800237d   Thumb Code     2  stm32f0xx_it.o(i.PendSV_Handler)
    ReceiveData                              0x08002381   Thumb Code   106  connectivity.o(i.ReceiveData)
    SVC_Handler                              0x08002629   Thumb Code     2  stm32f0xx_it.o(i.SVC_Handler)
    SendData                                 0x0800262d   Thumb Code   112  connectivity.o(i.SendData)
    SetAsReceiver                            0x080026a9   Thumb Code    94  connectivity.o(i.SetAsReceiver)
    SetAsTransmitter                         0x0800270d   Thumb Code    90  connectivity.o(i.SetAsTransmitter)
    SetCursor                                0x0800276d   Thumb Code    12  map.o(i.SetCursor)
    SetTemporaryShipLocation                 0x0800277d   Thumb Code    14  map.o(i.SetTemporaryShipLocation)
    SysTick_Handler                          0x08002791   Thumb Code     8  stm32f0xx_it.o(i.SysTick_Handler)
    SystemClock_Config                       0x08002799   Thumb Code   114  main.o(i.SystemClock_Config)
    SystemInit                               0x0800280b   Thumb Code     2  system_stm32f0xx.o(i.SystemInit)
    __0sprintf                               0x0800280d   Thumb Code    36  printfa.o(i.__0sprintf)
    __1sprintf                               0x0800280d   Thumb Code     0  printfa.o(i.__0sprintf)
    __2sprintf                               0x0800280d   Thumb Code     0  printfa.o(i.__0sprintf)
    __c89sprintf                             0x0800280d   Thumb Code     0  printfa.o(i.__0sprintf)
    sprintf                                  0x0800280d   Thumb Code     0  printfa.o(i.__0sprintf)
    __ARM_clz                                0x08002835   Thumb Code    46  depilogue.o(i.__ARM_clz)
    __ARM_common_ll_muluu                    0x08002863   Thumb Code    48  stm32f0xx_hal_rcc.o(i.__ARM_common_ll_muluu)
    __ARM_common_switch8                     0x08002893   Thumb Code    28  nrf24.o(i.__ARM_common_switch8)
    __scatterload_copy                       0x08002929   Thumb Code    14  handlers.o(i.__scatterload_copy)
    __scatterload_null                       0x08002937   Thumb Code     2  handlers.o(i.__scatterload_null)
    __scatterload_zeroinit                   0x08002939   Thumb Code    14  handlers.o(i.__scatterload_zeroinit)
    drawShip                                 0x08003203   Thumb Code    66  map.o(i.drawShip)
    main                                     0x08003245   Thumb Code   704  main.o(i.main)
    nRF24_CE_H                               0x08003505   Thumb Code    14  main.o(i.nRF24_CE_H)
    nRF24_CE_L                               0x08003519   Thumb Code    14  main.o(i.nRF24_CE_L)
    nRF24_CSN_H                              0x0800352d   Thumb Code    14  main.o(i.nRF24_CSN_H)
    nRF24_CSN_L                              0x08003541   Thumb Code    14  main.o(i.nRF24_CSN_L)
    nRF24_Check                              0x08003555   Thumb Code    56  nrf24.o(i.nRF24_Check)
    nRF24_ClearIRQFlags                      0x08003595   Thumb Code    24  nrf24.o(i.nRF24_ClearIRQFlags)
    nRF24_DisableAA                          0x080035ad   Thumb Code    46  nrf24.o(i.nRF24_DisableAA)
    nRF24_FlushRX                            0x080035db   Thumb Code    12  nrf24.o(i.nRF24_FlushRX)
    nRF24_FlushTX                            0x080035e7   Thumb Code    12  nrf24.o(i.nRF24_FlushTX)
    nRF24_GetStatus                          0x0800360f   Thumb Code    10  nrf24.o(i.nRF24_GetStatus)
    nRF24_GetStatus_RXFIFO                   0x08003619   Thumb Code    14  nrf24.o(i.nRF24_GetStatus_RXFIFO)
    nRF24_Init                               0x08003627   Thumb Code   160  nrf24.o(i.nRF24_Init)
    nRF24_LL_RW                              0x080036c9   Thumb Code    40  main.o(i.nRF24_LL_RW)
    nRF24_ReadPayload                        0x0800373f   Thumb Code    18  nrf24.o(i.nRF24_ReadPayload)
    nRF24_SetAddr                            0x080037cd   Thumb Code   106  nrf24.o(i.nRF24_SetAddr)
    nRF24_SetAddrWidth                       0x0800383d   Thumb Code    16  nrf24.o(i.nRF24_SetAddrWidth)
    nRF24_SetCRCScheme                       0x0800384d   Thumb Code    36  nrf24.o(i.nRF24_SetCRCScheme)
    nRF24_SetDataRate                        0x08003871   Thumb Code    36  nrf24.o(i.nRF24_SetDataRate)
    nRF24_SetOperationalMode                 0x08003895   Thumb Code    32  nrf24.o(i.nRF24_SetOperationalMode)
    nRF24_SetPowerMode                       0x080038b5   Thumb Code    40  nrf24.o(i.nRF24_SetPowerMode)
    nRF24_SetRFChannel                       0x080038dd   Thumb Code    14  nrf24.o(i.nRF24_SetRFChannel)
    nRF24_SetRXPipe                          0x080038ed   Thumb Code    86  nrf24.o(i.nRF24_SetRXPipe)
    nRF24_SetTXPower                         0x08003949   Thumb Code    36  nrf24.o(i.nRF24_SetTXPower)
    nRF24_TransmitPacket                     0x0800396d   Thumb Code   106  connectivity.o(i.nRF24_TransmitPacket)
    nRF24_WritePayload                       0x08003a09   Thumb Code    18  nrf24.o(i.nRF24_WritePayload)
    print_error                              0x08003a61   Thumb Code    18  main.o(i.print_error)
    AHBPrescTable                            0x08003a98   Data          16  system_stm32f0xx.o(.constdata)
    APBPrescTable                            0x08003aa8   Data           8  system_stm32f0xx.o(.constdata)
    Region$$Table$$Base                      0x08003ab0   Number         0  anon$$obj.o(Region$$Table)
    Region$$Table$$Limit                     0x08003ad0   Number         0  anon$$obj.o(Region$$Table)
    pipe                                     0x20000000   Data           1  connectivity.o(.data)
    i                                        0x20000004   Data           4  connectivity.o(.data)
    j                                        0x20000008   Data           4  connectivity.o(.data)
    k                                        0x2000000c   Data           4  connectivity.o(.data)
    payload_length                           0x20000010   Data           1  connectivity.o(.data)
    tx_res                                   0x20000011   Data           1  connectivity.o(.data)
    last_key_state                           0x20000012   Data           6  keymap.o(.data)
    ships_to_place                           0x20000018   Data           8  map.o(.data)
    currently_placed_ship                    0x20000020   Data           1  map.o(.data)
    temporary_ship                           0x20000021   Data           3  map.o(.data)
    ship_count                               0x20000024   Data           1  map.o(.data)
    shots_got                                0x20000025   Data           8  map.o(.data)
    cursor                                   0x2000002d   Data           1  map.o(.data)
    cursor_time                              0x2000002e   Data           1  map.o(.data)
    uwTick                                   0x20000030   Data           4  stm32f0xx_hal.o(.data)
    uwTickPrio                               0x20000034   Data           4  stm32f0xx_hal.o(.data)
    uwTickFreq                               0x20000038   Data           1  stm32f0xx_hal.o(.data)
    SystemCoreClock                          0x2000003c   Data           4  system_stm32f0xx.o(.data)
    nRF24_payload                            0x20000040   Data          32  connectivity.o(.bss)
    _buffer                                  0x20000060   Data          64  graphics.o(.bss)
    hspi1                                    0x200000a0   Data         100  main.o(.bss)
    hi2c1                                    0x20000104   Data          76  main.o(.bss)
    message_buffer                           0x20000150   Data          32  main.o(.bss)
    own_ships                                0x20000170   Data          24  map.o(.bss)
    shots_fired                              0x20000188   Data          64  map.o(.bss)
    __initial_sp                             0x200005c8   Data           0  startup_stm32f051x8.o(STACK)



==============================================================================

Memory Map of the image

  Image Entry point : 0x080000bd

  Load Region LR_IROM1 (Base: 0x08000000, Size: 0x00003b10, Max: 0x00010000, ABSOLUTE)

    Execution Region ER_IROM1 (Exec base: 0x08000000, Load base: 0x08000000, Size: 0x00003ad0, Max: 0x00010000, ABSOLUTE)

    Exec Addr    Load Addr    Size         Type   Attr      Idx    E Section Name        Object

    0x08000000   0x08000000   0x000000bc   Data   RO            3    RESET               startup_stm32f051x8.o
    0x080000bc   0x080000bc   0x00000000   Code   RO         2653  * .ARM.Collect$$$$00000000  mc_p.l(entry.o)
    0x080000bc   0x080000bc   0x00000004   Code   RO         2696    .ARM.Collect$$$$00000001  mc_p.l(entry2.o)
    0x080000c0   0x080000c0   0x00000004   Code   RO         2699    .ARM.Collect$$$$00000004  mc_p.l(entry5.o)
    0x080000c4   0x080000c4   0x00000000   Code   RO         2701    .ARM.Collect$$$$00000008  mc_p.l(entry7b.o)
    0x080000c4   0x080000c4   0x00000000   Code   RO         2703    .ARM.Collect$$$$0000000A  mc_p.l(entry8b.o)
    0x080000c4   0x080000c4   0x00000008   Code   RO         2704    .ARM.Collect$$$$0000000B  mc_p.l(entry9a.o)
    0x080000cc   0x080000cc   0x00000004   Code   RO         2711    .ARM.Collect$$$$0000000E  mc_p.l(entry12b.o)
    0x080000d0   0x080000d0   0x00000000   Code   RO         2706    .ARM.Collect$$$$0000000F  mc_p.l(entry10a.o)
    0x080000d0   0x080000d0   0x00000000   Code   RO         2708    .ARM.Collect$$$$00000011  mc_p.l(entry11a.o)
    0x080000d0   0x080000d0   0x00000004   Code   RO         2697    .ARM.Collect$$$$00002712  mc_p.l(entry2.o)
    0x080000d4   0x080000d4   0x0000001c   Code   RO            4    .text               startup_stm32f051x8.o
    0x080000f0   0x080000f0   0x0000002c   Code   RO         2656    .text               mc_p.l(uidiv.o)
    0x0800011c   0x0800011c   0x00000060   Code   RO         2658    .text               mc_p.l(uldiv.o)
    0x0800017c   0x0800017c   0x00000022   Code   RO         2660    .text               mc_p.l(llushr.o)
    0x0800019e   0x0800019e   0x00000024   Code   RO         2662    .text               mc_p.l(memcpya.o)
    0x080001c2   0x080001c2   0x00000024   Code   RO         2664    .text               mc_p.l(memseta.o)
    0x080001e6   0x080001e6   0x00000020   Code   RO         2715    .text               mc_p.l(llshl.o)
    0x08000206   0x08000206   0x00000000   Code   RO         2717    .text               mc_p.l(iusefp.o)
    0x08000206   0x08000206   0x00000002   PAD
    0x08000208   0x08000208   0x00000168   Code   RO         2718    .text               mf_p.l(dadd.o)
    0x08000370   0x08000370   0x000000d0   Code   RO         2720    .text               mf_p.l(dmul.o)
    0x08000440   0x08000440   0x000000f0   Code   RO         2722    .text               mf_p.l(ddiv.o)
    0x08000530   0x08000530   0x00000040   Code   RO         2724    .text               mf_p.l(dfixul.o)
    0x08000570   0x08000570   0x00000028   Code   RO         2726    .text               mf_p.l(cdrcmple.o)
    0x08000598   0x08000598   0x00000024   Code   RO         2728    .text               mc_p.l(init.o)
    0x080005bc   0x080005bc   0x00000026   Code   RO         2731    .text               mc_p.l(llsshr.o)
    0x080005e2   0x080005e2   0x000000be   Code   RO         2734    .text               mf_p.l(depilogue.o)
    0x080006a0   0x080006a0   0x00000014   Code   RO          352    i.AddLocalShot      map.o
    0x080006b4   0x080006b4   0x00000028   Code   RO          353    i.AddShip           map.o
    0x080006dc   0x080006dc   0x00000010   Code   RO          354    i.AddShot           map.o
    0x080006ec   0x080006ec   0x00000094   Code   RO          355    i.CheckIfHit        map.o
    0x08000780   0x08000780   0x000000b8   Code   RO          160    i.DisplayBuffer     graphics.o
    0x08000838   0x08000838   0x00000006   Code   RO          241    i.Error_Handler     main.o
    0x0800083e   0x0800083e   0x00000002   PAD
    0x08000840   0x08000840   0x00000014   Code   RO          356    i.GetCursor         map.o
    0x08000854   0x08000854   0x00000054   Code   RO          242    i.GetI2CHandle      main.o
    0x080008a8   0x080008a8   0x000000e4   Code   RO          214    i.GetKeyClick       keymap.o
    0x0800098c   0x0800098c   0x0000006c   Code   RO          357    i.GetNextShip       map.o
    0x080009f8   0x080009f8   0x00000020   Code   RO          358    i.GetTemporaryShipLocation  map.o
    0x08000a18   0x08000a18   0x0000002c   Code   RO         1447    i.HAL_Delay         stm32f0xx_hal.o
    0x08000a44   0x08000a44   0x000001f0   Code   RO         1603    i.HAL_GPIO_Init     stm32f0xx_hal_gpio.o
    0x08000c34   0x08000c34   0x00000012   Code   RO         1605    i.HAL_GPIO_ReadPin  stm32f0xx_hal_gpio.o
    0x08000c46   0x08000c46   0x0000000c   Code   RO         1607    i.HAL_GPIO_WritePin  stm32f0xx_hal_gpio.o
    0x08000c52   0x08000c52   0x00000002   PAD
    0x08000c54   0x08000c54   0x0000000c   Code   RO         1451    i.HAL_GetTick       stm32f0xx_hal.o
    0x08000c60   0x08000c60   0x0000006e   Code   RO         1266    i.HAL_I2CEx_ConfigAnalogFilter  stm32f0xx_hal_i2c_ex.o
    0x08000cce   0x08000cce   0x00000070   Code   RO         1267    i.HAL_I2CEx_ConfigDigitalFilter  stm32f0xx_hal_i2c_ex.o
    0x08000d3e   0x08000d3e   0x00000002   PAD
    0x08000d40   0x08000d40   0x000000d4   Code   RO          819    i.HAL_I2C_Init      stm32f0xx_hal_i2c.o
    0x08000e14   0x08000e14   0x0000016c   Code   RO          832    i.HAL_I2C_Master_Transmit  stm32f0xx_hal_i2c.o
    0x08000f80   0x08000f80   0x00000084   Code   RO          763    i.HAL_I2C_MspInit   stm32f0xx_hal_msp.o
    0x08001004   0x08001004   0x00000018   Code   RO         1457    i.HAL_IncTick       stm32f0xx_hal.o
    0x0800101c   0x0800101c   0x00000020   Code   RO         1458    i.HAL_Init          stm32f0xx_hal.o
    0x0800103c   0x0800103c   0x00000054   Code   RO         1459    i.HAL_InitTick      stm32f0xx_hal.o
    0x08001090   0x08001090   0x00000040   Code   RO          764    i.HAL_MspInit       stm32f0xx_hal_msp.o
    0x080010d0   0x080010d0   0x00000012   Code   RO         1764    i.HAL_NVIC_SetPriority  stm32f0xx_hal_cortex.o
    0x080010e2   0x080010e2   0x00000002   PAD
    0x080010e4   0x080010e4   0x0000016c   Code   RO         1412    i.HAL_RCCEx_PeriphCLKConfig  stm32f0xx_hal_rcc_ex.o
    0x08001250   0x08001250   0x0000016c   Code   RO         1317    i.HAL_RCC_ClockConfig  stm32f0xx_hal_rcc.o
    0x080013bc   0x080013bc   0x000000d0   Code   RO         1325    i.HAL_RCC_GetSysClockFreq  stm32f0xx_hal_rcc.o
    0x0800148c   0x0800148c   0x0000058c   Code   RO         1328    i.HAL_RCC_OscConfig  stm32f0xx_hal_rcc.o
    0x08001a18   0x08001a18   0x0000010c   Code   RO         2262    i.HAL_SPI_Init      stm32f0xx_hal_spi.o
    0x08001b24   0x08001b24   0x0000007c   Code   RO          766    i.HAL_SPI_MspInit   stm32f0xx_hal_msp.o
    0x08001ba0   0x08001ba0   0x0000026a   Code   RO         2271    i.HAL_SPI_TransmitReceive  stm32f0xx_hal_spi.o
    0x08001e0a   0x08001e0a   0x00000002   PAD
    0x08001e0c   0x08001e0c   0x00000038   Code   RO         1768    i.HAL_SYSTICK_Config  stm32f0xx_hal_cortex.o
    0x08001e44   0x08001e44   0x00000004   Code   RO          713    i.HardFault_Handler  stm32f0xx_it.o
    0x08001e48   0x08001e48   0x00000032   Code   RO          866    i.I2C_Flush_TXDR    stm32f0xx_hal_i2c.o
    0x08001e7a   0x08001e7a   0x00000002   PAD
    0x08001e7c   0x08001e7c   0x000000a0   Code   RO          874    i.I2C_IsAcknowledgeFailed  stm32f0xx_hal_i2c.o
    0x08001f1c   0x08001f1c   0x00000038   Code   RO          881    i.I2C_TransferConfig  stm32f0xx_hal_i2c.o
    0x08001f54   0x08001f54   0x00000058   Code   RO          883    i.I2C_WaitOnFlagUntilTimeout  stm32f0xx_hal_i2c.o
    0x08001fac   0x08001fac   0x0000005a   Code   RO          885    i.I2C_WaitOnSTOPFlagUntilTimeout  stm32f0xx_hal_i2c.o
    0x08002006   0x08002006   0x00000060   Code   RO          886    i.I2C_WaitOnTXISFlagUntilTimeout  stm32f0xx_hal_i2c.o
    0x08002066   0x08002066   0x00000018   Code   RO          243    i.Init              main.o
    0x0800207e   0x0800207e   0x00000002   PAD
    0x08002080   0x08002080   0x000000c8   Code   RO          244    i.MX_GPIO_Init      main.o
    0x08002148   0x08002148   0x0000005c   Code   RO          245    i.MX_I2C1_Init      main.o
    0x080021a4   0x080021a4   0x00000054   Code   RO          246    i.MX_SPI1_Init      main.o
    0x080021f8   0x080021f8   0x00000004   Code   RO          714    i.NMI_Handler       stm32f0xx_it.o
    0x080021fc   0x080021fc   0x00000040   Code   RO          359    i.PaintCursor       map.o
    0x0800223c   0x0800223c   0x00000054   Code   RO          360    i.PaintDistantShots  map.o
    0x08002290   0x08002290   0x00000058   Code   RO          361    i.PaintLocalShots   map.o
    0x080022e8   0x080022e8   0x00000014   Code   RO          362    i.PaintSea          map.o
    0x080022fc   0x080022fc   0x00000034   Code   RO          363    i.PaintShips        map.o
    0x08002330   0x08002330   0x0000001c   Code   RO          364    i.PaintTempShip     map.o
    0x0800234c   0x0800234c   0x00000030   Code   RO          163    i.PaintTiles        graphics.o
    0x0800237c   0x0800237c   0x00000002   Code   RO          715    i.PendSV_Handler    stm32f0xx_it.o
    0x0800237e   0x0800237e   0x00000002   PAD
    0x08002380   0x08002380   0x00000078   Code   RO           12    i.ReceiveData       connectivity.o
    0x080023f8   0x080023f8   0x0000006a   Code   RO         2300    i.SPI_EndRxTxTransaction  stm32f0xx_hal_spi.o
    0x08002462   0x08002462   0x00000002   PAD
    0x08002464   0x08002464   0x000000e8   Code   RO         2305    i.SPI_WaitFifoStateUntilTimeout  stm32f0xx_hal_spi.o
    0x0800254c   0x0800254c   0x000000dc   Code   RO         2306    i.SPI_WaitFlagStateUntilTimeout  stm32f0xx_hal_spi.o
    0x08002628   0x08002628   0x00000002   Code   RO          716    i.SVC_Handler       stm32f0xx_it.o
    0x0800262a   0x0800262a   0x00000002   PAD
    0x0800262c   0x0800262c   0x0000007c   Code   RO           13    i.SendData          connectivity.o
    0x080026a8   0x080026a8   0x00000064   Code   RO           14    i.SetAsReceiver     connectivity.o
    0x0800270c   0x0800270c   0x00000060   Code   RO           15    i.SetAsTransmitter  connectivity.o
    0x0800276c   0x0800276c   0x00000010   Code   RO          365    i.SetCursor         map.o
    0x0800277c   0x0800277c   0x00000014   Code   RO          366    i.SetTemporaryShipLocation  map.o
    0x08002790   0x08002790   0x00000008   Code   RO          717    i.SysTick_Handler   stm32f0xx_it.o
    0x08002798   0x08002798   0x00000072   Code   RO          247    i.SystemClock_Config  main.o
    0x0800280a   0x0800280a   0x00000002   Code   RO         2623    i.SystemInit        system_stm32f0xx.o
    0x0800280c   0x0800280c   0x00000028   Code   RO         2671    i.__0sprintf        mc_p.l(printfa.o)
    0x08002834   0x08002834   0x0000002e   Code   RO         2736    i.__ARM_clz         mf_p.l(depilogue.o)
    0x08002862   0x08002862   0x00000030   Code   RO         1403    i.__ARM_common_ll_muluu  stm32f0xx_hal_rcc.o
    0x08002892   0x08002892   0x0000001c   Code   RO          706    i.__ARM_common_switch8  nrf24.o
    0x080028ae   0x080028ae   0x00000002   PAD
    0x080028b0   0x080028b0   0x00000078   Code   RO         1770    i.__NVIC_SetPriority  stm32f0xx_hal_cortex.o
    0x08002928   0x08002928   0x0000000e   Code   RO         2740    i.__scatterload_copy  mc_p.l(handlers.o)
    0x08002936   0x08002936   0x00000002   Code   RO         2741    i.__scatterload_null  mc_p.l(handlers.o)
    0x08002938   0x08002938   0x0000000e   Code   RO         2742    i.__scatterload_zeroinit  mc_p.l(handlers.o)
    0x08002946   0x08002946   0x00000002   PAD
    0x08002948   0x08002948   0x00000174   Code   RO         2676    i._fp_digits        mc_p.l(printfa.o)
    0x08002abc   0x08002abc   0x000006f0   Code   RO         2677    i._printf_core      mc_p.l(printfa.o)
    0x080031ac   0x080031ac   0x00000020   Code   RO         2678    i._printf_post_padding  mc_p.l(printfa.o)
    0x080031cc   0x080031cc   0x0000002c   Code   RO         2679    i._printf_pre_padding  mc_p.l(printfa.o)
    0x080031f8   0x080031f8   0x0000000a   Code   RO         2681    i._sputc            mc_p.l(printfa.o)
    0x08003202   0x08003202   0x00000042   Code   RO          367    i.drawShip          map.o
    0x08003244   0x08003244   0x000002c0   Code   RO          248    i.main              main.o
    0x08003504   0x08003504   0x00000014   Code   RO          249    i.nRF24_CE_H        main.o
    0x08003518   0x08003518   0x00000014   Code   RO          250    i.nRF24_CE_L        main.o
    0x0800352c   0x0800352c   0x00000014   Code   RO          251    i.nRF24_CSN_H       main.o
    0x08003540   0x08003540   0x00000014   Code   RO          252    i.nRF24_CSN_L       main.o
    0x08003554   0x08003554   0x00000040   Code   RO          468    i.nRF24_Check       nrf24.o
    0x08003594   0x08003594   0x00000018   Code   RO          469    i.nRF24_ClearIRQFlags  nrf24.o
    0x080035ac   0x080035ac   0x0000002e   Code   RO          471    i.nRF24_DisableAA   nrf24.o
    0x080035da   0x080035da   0x0000000c   Code   RO          473    i.nRF24_FlushRX     nrf24.o
    0x080035e6   0x080035e6   0x0000000c   Code   RO          474    i.nRF24_FlushTX     nrf24.o
    0x080035f2   0x080035f2   0x0000001c   Code   RO          479    i.nRF24_GetRxDplPayloadWidth  nrf24.o
    0x0800360e   0x0800360e   0x0000000a   Code   RO          480    i.nRF24_GetStatus   nrf24.o
    0x08003618   0x08003618   0x0000000e   Code   RO          481    i.nRF24_GetStatus_RXFIFO  nrf24.o
    0x08003626   0x08003626   0x000000a0   Code   RO          483    i.nRF24_Init        nrf24.o
    0x080036c6   0x080036c6   0x00000002   PAD
    0x080036c8   0x080036c8   0x00000048   Code   RO          253    i.nRF24_LL_RW       main.o
    0x08003710   0x08003710   0x0000002e   Code   RO          484    i.nRF24_ReadMBReg   nrf24.o
    0x0800373e   0x0800373e   0x00000012   Code   RO          485    i.nRF24_ReadPayload  nrf24.o
    0x08003750   0x08003750   0x0000005c   Code   RO          487    i.nRF24_ReadPayloadGeneric  nrf24.o
    0x080037ac   0x080037ac   0x00000020   Code   RO          488    i.nRF24_ReadReg     nrf24.o
    0x080037cc   0x080037cc   0x00000070   Code   RO          490    i.nRF24_SetAddr     nrf24.o
    0x0800383c   0x0800383c   0x00000010   Code   RO          491    i.nRF24_SetAddrWidth  nrf24.o
    0x0800384c   0x0800384c   0x00000024   Code   RO          493    i.nRF24_SetCRCScheme  nrf24.o
    0x08003870   0x08003870   0x00000024   Code   RO          494    i.nRF24_SetDataRate  nrf24.o
    0x08003894   0x08003894   0x00000020   Code   RO          496    i.nRF24_SetOperationalMode  nrf24.o
    0x080038b4   0x080038b4   0x00000028   Code   RO          498    i.nRF24_SetPowerMode  nrf24.o
    0x080038dc   0x080038dc   0x0000000e   Code   RO          499    i.nRF24_SetRFChannel  nrf24.o
    0x080038ea   0x080038ea   0x00000002   PAD
    0x080038ec   0x080038ec   0x0000005c   Code   RO          500    i.nRF24_SetRXPipe   nrf24.o
    0x08003948   0x08003948   0x00000024   Code   RO          501    i.nRF24_SetTXPower  nrf24.o
    0x0800396c   0x0800396c   0x00000070   Code   RO           16    i.nRF24_TransmitPacket  connectivity.o
    0x080039dc   0x080039dc   0x0000002c   Code   RO          503    i.nRF24_WriteMBReg  nrf24.o
    0x08003a08   0x08003a08   0x00000012   Code   RO          504    i.nRF24_WritePayload  nrf24.o
    0x08003a1a   0x08003a1a   0x00000046   Code   RO          505    i.nRF24_WriteReg    nrf24.o
    0x08003a60   0x08003a60   0x00000018   Code   RO          255    i.print_error       main.o
    0x08003a78   0x08003a78   0x00000013   Data   RO           18    .constdata          connectivity.o
    0x08003a8b   0x08003a8b   0x0000000d   Data   RO          506    .constdata          nrf24.o
    0x08003a98   0x08003a98   0x00000018   Data   RO         2624    .constdata          system_stm32f0xx.o
    0x08003ab0   0x08003ab0   0x00000020   Data   RO         2738    Region$$Table       anon$$obj.o


    Execution Region RW_IRAM1 (Exec base: 0x20000000, Load base: 0x08003ad0, Size: 0x000005c8, Max: 0x00002000, ABSOLUTE)

    Exec Addr    Load Addr    Size         Type   Attr      Idx    E Section Name        Object

    0x20000000   0x08003ad0   0x00000012   Data   RW           19    .data               connectivity.o
    0x20000012   0x08003ae2   0x00000006   Data   RW          216    .data               keymap.o
    0x20000018   0x08003ae8   0x00000017   Data   RW          370    .data               map.o
    0x2000002f   0x08003aff   0x00000001   PAD
    0x20000030   0x08003b00   0x00000009   Data   RW         1465    .data               stm32f0xx_hal.o
    0x20000039   0x08003b09   0x00000003   PAD
    0x2000003c   0x08003b0c   0x00000004   Data   RW         2625    .data               system_stm32f0xx.o
    0x20000040        -       0x00000020   Zero   RW           17    .bss                connectivity.o
    0x20000060        -       0x00000040   Zero   RW          165    .bss                graphics.o
    0x200000a0        -       0x000000d0   Zero   RW          256    .bss                main.o
    0x20000170        -       0x00000058   Zero   RW          368    .bss                map.o
    0x200001c8        -       0x00000400   Zero   RW            1    STACK               startup_stm32f051x8.o


==============================================================================

Image component sizes


      Code (inc. data)   RO Data    RW Data    ZI Data      Debug   Object Name

       552         44         19         18         32     296640   connectivity.o
       232         12          0          0         64       5829   graphics.o
       228          6          0          6          0       1543   keymap.o
      1484        106          0          0        208      12373   main.o
       822         84          0         23         88       8748   map.o
      1132         34         13          0          0      13547   nrf24.o
        28          8        188          0       1024        616   startup_stm32f051x8.o
       196         38          0          9          0       8073   stm32f0xx_hal.o
       194         20          0          0          0       9644   stm32f0xx_hal_cortex.o
       526         24          0          0          0       2839   stm32f0xx_hal_gpio.o
      1116         24          0          0          0       7897   stm32f0xx_hal_i2c.o
       222          0          0          0          0       1855   stm32f0xx_hal_i2c_ex.o
       320         28          0          0          0       2142   stm32f0xx_hal_msp.o
      2040         86          0          0          0       4016   stm32f0xx_hal_rcc.o
       364         14          0          0          0       1376   stm32f0xx_hal_rcc_ex.o
      1444         12          0          0          0       5457   stm32f0xx_hal_spi.o
        20          0          0          0          0       2071   stm32f0xx_it.o
         2          0         24          4          0       1075   system_stm32f0xx.o

    ----------------------------------------------------------------------
     10948        540        276         64       1416     385741   Object Totals
         0          0         32          0          0          0   (incl. Generated)
        26          0          0          4          0          0   (incl. Padding)

    ----------------------------------------------------------------------

      Code (inc. data)   RO Data    RW Data    ZI Data      Debug   Library Member Name

         0          0          0          0          0          0   entry.o
         0          0          0          0          0          0   entry10a.o
         0          0          0          0          0          0   entry11a.o
         4          0          0          0          0          0   entry12b.o
         8          4          0          0          0          0   entry2.o
         4          0          0          0          0          0   entry5.o
         0          0          0          0          0          0   entry7b.o
         0          0          0          0          0          0   entry8b.o
         8          4          0          0          0          0   entry9a.o
        30          0          0          0          0          0   handlers.o
        36          8          0          0          0         68   init.o
         0          0          0          0          0          0   iusefp.o
        32          0          0          0          0         68   llshl.o
        38          0          0          0          0         68   llsshr.o
        34          0          0          0          0         68   llushr.o
        36          0          0          0          0         60   memcpya.o
        36          0          0          0          0        100   memseta.o
      2274         94          0          0          0        472   printfa.o
        44          0          0          0          0         72   uidiv.o
        96          0          0          0          0         84   uldiv.o
        40          2          0          0          0         68   cdrcmple.o
       360          6          0          0          0        140   dadd.o
       240          6          0          0          0         84   ddiv.o
       236          0          0          0          0        216   depilogue.o
        64         10          0          0          0         68   dfixul.o
       208          6          0          0          0         88   dmul.o

    ----------------------------------------------------------------------
      3832        140          0          0          0       1724   Library Totals
         4          0          0          0          0          0   (incl. Padding)

    ----------------------------------------------------------------------

      Code (inc. data)   RO Data    RW Data    ZI Data      Debug   Library Name

      2680        110          0          0          0       1060   mc_p.l
      1148         30          0          0          0        664   mf_p.l

    ----------------------------------------------------------------------
      3832        140          0          0          0       1724   Library Totals

    ----------------------------------------------------------------------

==============================================================================


      Code (inc. data)   RO Data    RW Data    ZI Data      Debug   

     14780        680        276         64       1416     382329   Grand Totals
     14780        680        276         64       1416     382329   ELF Image Totals
     14780        680        276         64          0          0   ROM Totals

==============================================================================

    Total RO  Size (Code + RO Data)                15056 (  14.70kB)
    Total RW  Size (RW Data + ZI Data)              1480 (   1.45kB)
    Total ROM Size (Code + RO Data + RW Data)      15120 (  14.77kB)

==============================================================================

